Archive member included because of file (symbol)

C:\Users\eletck.CKThamHPFolio\Documents\lpcxpresso_3.6.3_317\workspace\Lib_CMSISv1p30_LPC17xx\Debug\libLib_CMSISv1p30_LPC17xx.a(system_LPC17xx.o)
                              ./src/cr_startup_lpc17.o (SystemInit)
c:/nxp/lpcxpresso_3.6.3/tools/bin/../lib/gcc/arm-none-eabi/4.3.3/../../../../arm-none-eabi/lib/thumb2\libcr_semihost.a(_cr__main.o)
                              ./src/cr_startup_lpc17.o (__main)
c:/nxp/lpcxpresso_3.6.3/tools/bin/../lib/gcc/arm-none-eabi/4.3.3/../../../../arm-none-eabi/lib/thumb2\libcr_c.a(__init_alloc.o)
                              c:/nxp/lpcxpresso_3.6.3/tools/bin/../lib/gcc/arm-none-eabi/4.3.3/../../../../arm-none-eabi/lib/thumb2\libcr_semihost.a(_cr__main.o) (_init_alloc)
c:/nxp/lpcxpresso_3.6.3/tools/bin/../lib/gcc/arm-none-eabi/4.3.3/../../../../arm-none-eabi/lib/thumb2\libcr_c.a(ctype.o)
                              c:/nxp/lpcxpresso_3.6.3/tools/bin/../lib/gcc/arm-none-eabi/4.3.3/../../../../arm-none-eabi/lib/thumb2\libcr_semihost.a(_cr__main.o) (_ctype_init)
c:/nxp/lpcxpresso_3.6.3/tools/bin/../lib/gcc/arm-none-eabi/4.3.3/../../../../arm-none-eabi/lib/thumb2\libcr_c.a(fpprintf.o)
                              ./src/main.o (printf)
c:/nxp/lpcxpresso_3.6.3/tools/bin/../lib/gcc/arm-none-eabi/4.3.3/../../../../arm-none-eabi/lib/thumb2\libcr_c.a(initio.o)
                              c:/nxp/lpcxpresso_3.6.3/tools/bin/../lib/gcc/arm-none-eabi/4.3.3/../../../../arm-none-eabi/lib/thumb2\libcr_semihost.a(_cr__main.o) (_terminateio)
c:/nxp/lpcxpresso_3.6.3/tools/bin/../lib/gcc/arm-none-eabi/4.3.3/../../../../arm-none-eabi/lib/thumb2\libcr_c.a(memset.o)
                              c:/nxp/lpcxpresso_3.6.3/tools/bin/../lib/gcc/arm-none-eabi/4.3.3/../../../../arm-none-eabi/lib/thumb2\libcr_c.a(fpprintf.o) (memset)
c:/nxp/lpcxpresso_3.6.3/tools/bin/../lib/gcc/arm-none-eabi/4.3.3/../../../../arm-none-eabi/lib/thumb2\libcr_c.a(printf.o)
                              c:/nxp/lpcxpresso_3.6.3/tools/bin/../lib/gcc/arm-none-eabi/4.3.3/../../../../arm-none-eabi/lib/thumb2\libcr_c.a(fpprintf.o) (__vfprintf)
c:/nxp/lpcxpresso_3.6.3/tools/bin/../lib/gcc/arm-none-eabi/4.3.3/../../../../arm-none-eabi/lib/thumb2\libcr_c.a(scanf.o)
                              ./src/main.o (scanf)
c:/nxp/lpcxpresso_3.6.3/tools/bin/../lib/gcc/arm-none-eabi/4.3.3/../../../../arm-none-eabi/lib/thumb2\libcr_c.a(setvbuf.o)
                              c:/nxp/lpcxpresso_3.6.3/tools/bin/../lib/gcc/arm-none-eabi/4.3.3/../../../../arm-none-eabi/lib/thumb2\libcr_c.a(initio.o) (setvbuf)
c:/nxp/lpcxpresso_3.6.3/tools/bin/../lib/gcc/arm-none-eabi/4.3.3/../../../../arm-none-eabi/lib/thumb2\libcr_c.a(stdio.o)
                              c:/nxp/lpcxpresso_3.6.3/tools/bin/../lib/gcc/arm-none-eabi/4.3.3/../../../../arm-none-eabi/lib/thumb2\libcr_c.a(fpprintf.o) (__Ciob)
c:/nxp/lpcxpresso_3.6.3/tools/bin/../lib/gcc/arm-none-eabi/4.3.3/../../../../arm-none-eabi/lib/thumb2\libcr_c.a(stdlib.o)
                              c:/nxp/lpcxpresso_3.6.3/tools/bin/../lib/gcc/arm-none-eabi/4.3.3/../../../../arm-none-eabi/lib/thumb2\libcr_semihost.a(_cr__main.o) (_exit_init)
c:/nxp/lpcxpresso_3.6.3/tools/bin/../lib/gcc/arm-none-eabi/4.3.3/../../../../arm-none-eabi/lib/thumb2\libcr_c.a(strcpy.o)
                              c:/nxp/lpcxpresso_3.6.3/tools/bin/../lib/gcc/arm-none-eabi/4.3.3/../../../../arm-none-eabi/lib/thumb2\libcr_c.a(fpprintf.o) (strcpy)
c:/nxp/lpcxpresso_3.6.3/tools/bin/../lib/gcc/arm-none-eabi/4.3.3/../../../../arm-none-eabi/lib/thumb2\libcr_c.a(strlen.o)
                              c:/nxp/lpcxpresso_3.6.3/tools/bin/../lib/gcc/arm-none-eabi/4.3.3/../../../../arm-none-eabi/lib/thumb2\libcr_c.a(printf.o) (strlen)
c:/nxp/lpcxpresso_3.6.3/tools/bin/../lib/gcc/arm-none-eabi/4.3.3/../../../../arm-none-eabi/lib/thumb2\libcr_c.a(ungetc.o)
                              c:/nxp/lpcxpresso_3.6.3/tools/bin/../lib/gcc/arm-none-eabi/4.3.3/../../../../arm-none-eabi/lib/thumb2\libcr_c.a(scanf.o) (ungetc)
c:/nxp/lpcxpresso_3.6.3/tools/bin/../lib/gcc/arm-none-eabi/4.3.3/../../../../arm-none-eabi/lib/thumb2\libcr_c.a(__fillbuf.o)
                              c:/nxp/lpcxpresso_3.6.3/tools/bin/../lib/gcc/arm-none-eabi/4.3.3/../../../../arm-none-eabi/lib/thumb2\libcr_c.a(scanf.o) (__filbuf)
c:/nxp/lpcxpresso_3.6.3/tools/bin/../lib/gcc/arm-none-eabi/4.3.3/../../../../arm-none-eabi/lib/thumb2\libcr_c.a(_deferredlazyseek.o)
                              c:/nxp/lpcxpresso_3.6.3/tools/bin/../lib/gcc/arm-none-eabi/4.3.3/../../../../arm-none-eabi/lib/thumb2\libcr_c.a(__fillbuf.o) (_deferredlazyseek)
c:/nxp/lpcxpresso_3.6.3/tools/bin/../lib/gcc/arm-none-eabi/4.3.3/../../../../arm-none-eabi/lib/thumb2\libcr_c.a(_fdopen.o)
                              c:/nxp/lpcxpresso_3.6.3/tools/bin/../lib/gcc/arm-none-eabi/4.3.3/../../../../arm-none-eabi/lib/thumb2\libcr_c.a(initio.o) (_fdopen)
[...]
Memory Configuration

Name             Origin             Length             Attributes
MFlash512        0x00000000         0x00020000         xr
RamLoc32         0x10000000         0x00008000         xrw
RamAHB32         0x2007c000         0x00008000         xrw
*default*        0x00000000         0xffffffff

Linker script and memory map

LOAD ./src/cr_startup_lpc17.o
LOAD ./src/main.o
LOAD ./src/optimize.o
LOAD C:\Users\eletck.CKThamHPFolio\Documents\lpcxpresso_3.6.3_317\workspace\Lib_CMSISv1p30_LPC17xx\Debug\libLib_CMSISv1p30_LPC17xx.a
START GROUP
LOAD c:/nxp/lpcxpresso_3.6.3/tools/bin/../lib/gcc/arm-none-eabi/4.3.3/../../../../arm-none-eabi/lib/thumb2\libcr_semihost.a
LOAD c:/nxp/lpcxpresso_3.6.3/tools/bin/../lib/gcc/arm-none-eabi/4.3.3/../../../../arm-none-eabi/lib/thumb2\libcr_c.a
LOAD c:/nxp/lpcxpresso_3.6.3/tools/bin/../lib/gcc/arm-none-eabi/4.3.3/thumb2\libcr_eabihelpers.a
END GROUP
                0x00080000                __top_MFlash512 = 0x80000
                0x10008000                __top_RamLoc32 = 0x10008000
                0x20084000                __top_RamAHB32 = 0x20084000

.text           0x00000000     0x5ecc
 FILL mask 0xff
 *(.isr_vector)
 .isr_vector    0x00000000       0xcc ./src/cr_startup_lpc17.o
                0x00000000                g_pfnVectors
                0x000000cc                . = ALIGN (0x4)
                0x000000cc                __section_table_start = .
                0x000000cc                __data_section_table = .
                0x000000cc        0x4 LONG 0x5ecc LOADADDR (.data)
                0x000000d0        0x4 LONG 0x10000000 ADDR (.data)
                0x000000d4        0x4 LONG 0x210 SIZEOF (.data)
                0x000000d8        0x4 LONG 0x5ecc LOADADDR (.data_RAM2)
                0x000000dc        0x4 LONG 0x2007c000 ADDR (.data_RAM2)
                0x000000e0        0x4 LONG 0x0 SIZEOF (.data_RAM2)
                0x000000e4                __data_section_table_end = .
                0x000000e4                __bss_section_table = .
                0x000000e4        0x4 LONG 0x10000210 ADDR (.bss)
                0x000000e8        0x4 LONG 0x360 SIZEOF (.bss)
                0x000000ec        0x4 LONG 0x2007c000 ADDR (.bss_RAM2)
                0x000000f0        0x4 LONG 0x0 SIZEOF (.bss_RAM2)
                0x000000f4                __bss_section_table_end = .
                0x000000f4                __section_table_end = .
 *(.after_vectors*)
 *(.text*)
 .text.ResetISR
                0x000000f4       0x68 ./src/cr_startup_lpc17.o
                0x000000f4                ResetISR
 .text.NMI_Handler
                0x0000015c        0x8 ./src/cr_startup_lpc17.o
                0x0000015c                NMI_Handler
 .text.HardFault_Handler
                0x00000164        0x8 ./src/cr_startup_lpc17.o
                0x00000164                HardFault_Handler
 .text.MemManage_Handler
                0x0000016c        0x8 ./src/cr_startup_lpc17.o
                0x0000016c                MemManage_Handler
 .text.BusFault_Handler
                0x00000174        0x8 ./src/cr_startup_lpc17.o
                0x00000174                BusFault_Handler
 .text.UsageFault_Handler
                0x0000017c        0x8 ./src/cr_startup_lpc17.o
                0x0000017c                UsageFault_Handler
 .text.SVCall_Handler
                0x00000184        0x8 ./src/cr_startup_lpc17.o
                0x00000184                SVCall_Handler
 .text.DebugMon_Handler
                0x0000018c        0x8 ./src/cr_startup_lpc17.o
                0x0000018c                DebugMon_Handler
 .text.PendSV_Handler
                0x00000194        0x8 ./src/cr_startup_lpc17.o
                0x00000194                PendSV_Handler
 .text.SysTick_Handler
                0x0000019c        0x8 ./src/cr_startup_lpc17.o
                0x0000019c                SysTick_Handler
 .text.IntDefaultHandler
                0x000001a4        0x8 ./src/cr_startup_lpc17.o
                0x000001a4                TIMER2_IRQHandler
                0x000001a4                RIT_IRQHandler
                0x000001a4                I2C0_IRQHandler
                0x000001a4                USBActivity_IRQHandler
                0x000001a4                PWM1_IRQHandler
                0x000001a4                I2C1_IRQHandler
                0x000001a4                EINT2_IRQHandler
                0x000001a4                UART1_IRQHandler
                0x000001a4                EINT3_IRQHandler
                0x000001a4                CANActivity_IRQHandler
                0x000001a4                TIMER3_IRQHandler
                0x000001a4                UART0_IRQHandler
                0x000001a4                IntDefaultHandler
                0x000001a4                PLL0_IRQHandler
                0x000001a4                CAN_IRQHandler
                0x000001a4                PLL1_IRQHandler
                0x000001a4                SSP0_IRQHandler
                0x000001a4                I2S_IRQHandler
                0x000001a4                I2C2_IRQHandler
                0x000001a4                RTC_IRQHandler
                0x000001a4                TIMER0_IRQHandler
                0x000001a4                SPI_IRQHandler
                0x000001a4                EINT1_IRQHandler
                0x000001a4                TIMER1_IRQHandler
                0x000001a4                UART2_IRQHandler
                0x000001a4                ADC_IRQHandler
                0x000001a4                SSP1_IRQHandler
                0x000001a4                USB_IRQHandler
                0x000001a4                BOD_IRQHandler
                0x000001a4                WDT_IRQHandler
                0x000001a4                QEI_IRQHandler
                0x000001a4                EINT0_IRQHandler
                0x000001a4                DMA_IRQHandler
                0x000001a4                UART3_IRQHandler
                0x000001a4                MCPWM_IRQHandler
                0x000001a4                ENET_IRQHandler
 .text.main     0x000001ac      0x158 ./src/main.o
                0x000001ac                main
 .text          0x00000304        0x8 ./src/optimize.o
                0x00000304                optimize
 .text          0x0000030c      0x4ec C:\Users\eletck.CKThamHPFolio\Documents\lpcxpresso_3.6.3_317\workspace\Lib_CMSISv1p30_LPC17xx\Debug\libLib_CMSISv1p30_LPC17xx.a(system_LPC17xx.o)
                0x000005d4                SystemInit
                0x0000030c                SystemCoreClockUpdate
 .text          0x000007f8       0x54 c:/nxp/lpcxpresso_3.6.3/tools/bin/../lib/gcc/arm-none-eabi/4.3.3/../../../../arm-none-eabi/lib/thumb2\libcr_semihost.a(_cr__main.o)
                0x000007f8                __main
 .text._init_alloc
                0x0000084c       0x18 c:/nxp/lpcxpresso_3.6.3/tools/bin/../lib/gcc/arm-none-eabi/4.3.3/../../../../arm-none-eabi/lib/thumb2\libcr_c.a(__init_alloc.o)
                0x0000084c                _init_alloc
 .text          0x00000864      0x36c c:/nxp/lpcxpresso_3.6.3/tools/bin/../lib/gcc/arm-none-eabi/4.3.3/../../../../arm-none-eabi/lib/thumb2\libcr_c.a(ctype.o)
                0x00000864                _start_module_ctype
                0x00000938                islower
                0x00000a28                tolower
                0x00000988                ispunct
                0x000009b0                isspace
                0x00000bc4                _end_module_ctype
                0x00000a00                isxdigit
                0x00000b40                _ctype_init
                0x000009d8                isupper
                0x00000898                isalpha
                0x00000910                isgraph
                0x00000870                isalnum
                0x00000960                isprint
                0x00000aa0                _set_ctype_8859
                0x000008e8                isdigit
                0x000008c0                iscntrl
                0x00000a64                toupper
 .text.fp_round
                0x00000bd0       0x68 c:/nxp/lpcxpresso_3.6.3/tools/bin/../lib/gcc/arm-none-eabi/4.3.3/../../../../arm-none-eabi/lib/thumb2\libcr_c.a(fpprintf.o)
 .text.sprintf  0x00000c38       0x70 c:/nxp/lpcxpresso_3.6.3/tools/bin/../lib/gcc/arm-none-eabi/4.3.3/../../../../arm-none-eabi/lib/thumb2\libcr_c.a(fpprintf.o)
                0x00000c38                sprintf
 .text.fp_display
                0x00000ca8      0xc68 c:/nxp/lpcxpresso_3.6.3/tools/bin/../lib/gcc/arm-none-eabi/4.3.3/../../../../arm-none-eabi/lib/thumb2\libcr_c.a(fpprintf.o)
 .text.printf   0x00001910       0x38 c:/nxp/lpcxpresso_3.6.3/tools/bin/../lib/gcc/arm-none-eabi/4.3.3/../../../../arm-none-eabi/lib/thumb2\libcr_c.a(fpprintf.o)
                0x00001910                printf
 .text._terminateio
                0x00001948       0x44 c:/nxp/lpcxpresso_3.6.3/tools/bin/../lib/gcc/arm-none-eabi/4.3.3/../../../../arm-none-eabi/lib/thumb2\libcr_c.a(initio.o)
                0x00001948                _terminateio
 .text._initio  0x0000198c       0xc0 c:/nxp/lpcxpresso_3.6.3/tools/bin/../lib/gcc/arm-none-eabi/4.3.3/../../../../arm-none-eabi/lib/thumb2\libcr_c.a(initio.o)
                0x0000198c                _initio
 .text.memset   0x00001a4c       0x50 c:/nxp/lpcxpresso_3.6.3/tools/bin/../lib/gcc/arm-none-eabi/4.3.3/../../../../arm-none-eabi/lib/thumb2\libcr_c.a(memset.o)
                0x00001a4c                memset
 .text.__vfprintf
                0x00001a9c     0x10fc c:/nxp/lpcxpresso_3.6.3/tools/bin/../lib/gcc/arm-none-eabi/4.3.3/../../../../arm-none-eabi/lib/thumb2\libcr_c.a(printf.o)
                0x00001a9c                __vfprintf
 .text.cr_rd_int
                0x00002b98      0x220 c:/nxp/lpcxpresso_3.6.3/tools/bin/../lib/gcc/arm-none-eabi/4.3.3/../../../../arm-none-eabi/lib/thumb2\libcr_c.a(scanf.o)
 .text.vfscanf  0x00002db8      0xd08 c:/nxp/lpcxpresso_3.6.3/tools/bin/../lib/gcc/arm-none-eabi/4.3.3/../../../../arm-none-eabi/lib/thumb2\libcr_c.a(scanf.o)
                0x00002db8                vfscanf
 .text.scanf    0x00003ac0       0x24 c:/nxp/lpcxpresso_3.6.3/tools/bin/../lib/gcc/arm-none-eabi/4.3.3/../../../../arm-none-eabi/lib/thumb2\libcr_c.a(scanf.o)
                0x00003ac0                scanf
 .text.setvbuf  0x00003ae4       0x50 c:/nxp/lpcxpresso_3.6.3/tools/bin/../lib/gcc/arm-none-eabi/4.3.3/../../../../arm-none-eabi/lib/thumb2\libcr_c.a(setvbuf.o)
                0x00003ae4                setvbuf
 .text._exit_init
                0x00003b34       0x10 c:/nxp/lpcxpresso_3.6.3/tools/bin/../lib/gcc/arm-none-eabi/4.3.3/../../../../arm-none-eabi/lib/thumb2\libcr_c.a(stdlib.o)
                0x00003b34                _exit_init
 .text.exit     0x00003b44       0x38 c:/nxp/lpcxpresso_3.6.3/tools/bin/../lib/gcc/arm-none-eabi/4.3.3/../../../../arm-none-eabi/lib/thumb2\libcr_c.a(stdlib.o)
                0x00003b44                exit
 .text.strcpy   0x00003b7c       0x60 c:/nxp/lpcxpresso_3.6.3/tools/bin/../lib/gcc/arm-none-eabi/4.3.3/../../../../arm-none-eabi/lib/thumb2\libcr_c.a(strcpy.o)
                0x00003b7c                strcpy
 .text.strlen   0x00003bdc       0x58 c:/nxp/lpcxpresso_3.6.3/tools/bin/../lib/gcc/arm-none-eabi/4.3.3/../../../../arm-none-eabi/lib/thumb2\libcr_c.a(strlen.o)
                0x00003bdc                strlen
 .text.ungetc   0x00003c34       0x40 c:/nxp/lpcxpresso_3.6.3/tools/bin/../lib/gcc/arm-none-eabi/4.3.3/../../../../arm-none-eabi/lib/thumb2\libcr_c.a(ungetc.o)
                0x00003c34                ungetc
 .text.__filbuf
                0x00003c74      0x23c c:/nxp/lpcxpresso_3.6.3/tools/bin/../lib/gcc/arm-none-eabi/4.3.3/../../../../arm-none-eabi/lib/thumb2\libcr_c.a(__fillbuf.o)
                0x00003c74                __filbuf
 .text._deferredlazyseek
                0x00003eb0       0x44 c:/nxp/lpcxpresso_3.6.3/tools/bin/../lib/gcc/arm-none-eabi/4.3.3/../../../../arm-none-eabi/lib/thumb2\libcr_c.a(_deferredlazyseek.o)
                0x00003eb0                _deferredlazyseek
 .text.__flsbuf
                0x00003ef4      0x19c c:/nxp/lpcxpresso_3.6.3/tools/bin/../lib/gcc/arm-none-eabi/4.3.3/../../../../arm-none-eabi/lib/thumb2\libcr_c.a(_deferredlazyseek.o)
                0x00003ef4                __flsbuf
 .text._fdopen  0x00004090       0x70 c:/nxp/lpcxpresso_3.6.3/tools/bin/../lib/gcc/arm-none-eabi/4.3.3/../../../../arm-none-eabi/lib/thumb2\libcr_c.a(_fdopen.o)
                0x00004090                _fdopen
 .text._fflush  0x00004100       0x60 c:/nxp/lpcxpresso_3.6.3/tools/bin/../lib/gcc/arm-none-eabi/4.3.3/../../../../arm-none-eabi/lib/thumb2\libcr_c.a(_fflush.o)
                0x00004100                _fflush
 .text._frexpl  0x00004160       0x54 c:/nxp/lpcxpresso_3.6.3/tools/bin/../lib/gcc/arm-none-eabi/4.3.3/../../../../arm-none-eabi/lib/thumb2\libcr_c.a(_frexpl.o)
                0x00004160                _frexpl
 .text._ldexpl  0x000041b4       0x50 c:/nxp/lpcxpresso_3.6.3/tools/bin/../lib/gcc/arm-none-eabi/4.3.3/../../../../arm-none-eabi/lib/thumb2\libcr_c.a(_ldexpl.o)
                0x000041b4                _ldexpl
 .text._Cwritebuf
                0x00004204       0xa0 c:/nxp/lpcxpresso_3.6.3/tools/bin/../lib/gcc/arm-none-eabi/4.3.3/../../../../arm-none-eabi/lib/thumb2\libcr_c.a(_writebuf.o)
                0x00004204                _Cwritebuf
 .text.free     0x000042a4        0xc c:/nxp/lpcxpresso_3.6.3/tools/bin/../lib/gcc/arm-none-eabi/4.3.3/../../../../arm-none-eabi/lib/thumb2\libcr_c.a(alloc.o)
                0x000042a4                free
 .text.malloc   0x000042b0       0xe8 c:/nxp/lpcxpresso_3.6.3/tools/bin/../lib/gcc/arm-none-eabi/4.3.3/../../../../arm-none-eabi/lib/thumb2\libcr_c.a(alloc.o)
                0x000042b0                malloc
 .text._Csys_alloc
                0x00004398       0x30 c:/nxp/lpcxpresso_3.6.3/tools/bin/../lib/gcc/arm-none-eabi/4.3.3/../../../../arm-none-eabi/lib/thumb2\libcr_c.a(alloc.o)
                0x00004398                _Csys_alloc
 .text.calloc   0x000043c8       0x68 c:/nxp/lpcxpresso_3.6.3/tools/bin/../lib/gcc/arm-none-eabi/4.3.3/../../../../arm-none-eabi/lib/thumb2\libcr_c.a(alloc.o)
                0x000043c8                calloc
 .text._Csysdie
                0x00004430       0x3c c:/nxp/lpcxpresso_3.6.3/tools/bin/../lib/gcc/arm-none-eabi/4.3.3/../../../../arm-none-eabi/lib/thumb2\libcr_c.a(error.o)
                0x00004430                _Csysdie
 .text.fclose   0x0000446c       0x80 c:/nxp/lpcxpresso_3.6.3/tools/bin/../lib/gcc/arm-none-eabi/4.3.3/../../../../arm-none-eabi/lib/thumb2\libcr_c.a(fclose.o)
                0x0000446c                fclose
 .text.fflush   0x000044ec       0x34 c:/nxp/lpcxpresso_3.6.3/tools/bin/../lib/gcc/arm-none-eabi/4.3.3/../../../../arm-none-eabi/lib/thumb2\libcr_c.a(fflush.o)
                0x000044ec                fflush
 .text.fseek    0x00004520      0x110 c:/nxp/lpcxpresso_3.6.3/tools/bin/../lib/gcc/arm-none-eabi/4.3.3/../../../../arm-none-eabi/lib/thumb2\libcr_c.a(fseek.o)
                0x00004520                fseek
 .text.ftell    0x00004630       0x54 c:/nxp/lpcxpresso_3.6.3/tools/bin/../lib/gcc/arm-none-eabi/4.3.3/../../../../arm-none-eabi/lib/thumb2\libcr_c.a(ftell.o)
                0x00004630                ftell
 .text.remove   0x00004684        0xc c:/nxp/lpcxpresso_3.6.3/tools/bin/../lib/gcc/arm-none-eabi/4.3.3/../../../../arm-none-eabi/lib/thumb2\libcr_c.a(remove.o)
                0x00004684                remove
 .text._do_fflush
                0x00004690       0x48 c:/nxp/lpcxpresso_3.6.3/tools/bin/../lib/gcc/arm-none-eabi/4.3.3/../../../../arm-none-eabi/lib/thumb2\libcr_c.a(_do_fflush.o)
                0x00004690                _do_fflush
 .text.__aeabi_dmul
                0x000046d8      0x178 c:/nxp/lpcxpresso_3.6.3/tools/bin/../lib/gcc/arm-none-eabi/4.3.3/thumb2\libcr_eabihelpers.a(double.o)
                0x000046d8                __aeabi_dmul
 .text.__aeabi_ddiv
                0x00004850      0x20c c:/nxp/lpcxpresso_3.6.3/tools/bin/../lib/gcc/arm-none-eabi/4.3.3/thumb2\libcr_eabihelpers.a(double.o)
                0x00004850                __aeabi_ddiv
 .text.__aeabi_dsub
                0x00004a5c      0x230 c:/nxp/lpcxpresso_3.6.3/tools/bin/../lib/gcc/arm-none-eabi/4.3.3/thumb2\libcr_eabihelpers.a(double.o)
                0x00004a5c                __aeabi_dsub
 .text.__aeabi_dadd
                0x00004c8c      0x160 c:/nxp/lpcxpresso_3.6.3/tools/bin/../lib/gcc/arm-none-eabi/4.3.3/thumb2\libcr_eabihelpers.a(double.o)
                0x00004c8c                __aeabi_dadd
 .text.__aeabi_d2f
                0x00004dec       0x5c c:/nxp/lpcxpresso_3.6.3/tools/bin/../lib/gcc/arm-none-eabi/4.3.3/thumb2\libcr_eabihelpers.a(double.o)
                0x00004dec                __aeabi_d2f
 .text.__aeabi_d2iz
                0x00004e48       0x50 c:/nxp/lpcxpresso_3.6.3/tools/bin/../lib/gcc/arm-none-eabi/4.3.3/thumb2\libcr_eabihelpers.a(double.o)
                0x00004e48                __aeabi_d2iz
 .text.__aeabi_dcmpeq
                0x00004e98       0x4c c:/nxp/lpcxpresso_3.6.3/tools/bin/../lib/gcc/arm-none-eabi/4.3.3/thumb2\libcr_eabihelpers.a(double.o)
                0x00004e98                __aeabi_dcmpeq
 .text.__aeabi_dcmplt
                0x00004ee4       0x74 c:/nxp/lpcxpresso_3.6.3/tools/bin/../lib/gcc/arm-none-eabi/4.3.3/thumb2\libcr_eabihelpers.a(double.o)
                0x00004ee4                __aeabi_dcmplt
 .text.__aeabi_dcmple
                0x00004f58       0x7c c:/nxp/lpcxpresso_3.6.3/tools/bin/../lib/gcc/arm-none-eabi/4.3.3/thumb2\libcr_eabihelpers.a(double.o)
                0x00004f58                __aeabi_dcmple
 .text.__aeabi_dcmpge
                0x00004fd4       0x80 c:/nxp/lpcxpresso_3.6.3/tools/bin/../lib/gcc/arm-none-eabi/4.3.3/thumb2\libcr_eabihelpers.a(double.o)
                0x00004fd4                __aeabi_dcmpge
 .text.__aeabi_i2d
                0x00005054       0x50 c:/nxp/lpcxpresso_3.6.3/tools/bin/../lib/gcc/arm-none-eabi/4.3.3/thumb2\libcr_eabihelpers.a(double.o)
                0x00005054                __aeabi_i2d
 .text.__aeabi_fmul
                0x000050a4       0xd8 c:/nxp/lpcxpresso_3.6.3/tools/bin/../lib/gcc/arm-none-eabi/4.3.3/thumb2\libcr_eabihelpers.a(float.o)
                0x000050a4                __aeabi_fmul
 .text.__aeabi_fsub
                0x0000517c      0x144 c:/nxp/lpcxpresso_3.6.3/tools/bin/../lib/gcc/arm-none-eabi/4.3.3/thumb2\libcr_eabihelpers.a(float.o)
                0x0000517c                __aeabi_fsub
 .text.__aeabi_fadd
                0x000052c0       0xd0 c:/nxp/lpcxpresso_3.6.3/tools/bin/../lib/gcc/arm-none-eabi/4.3.3/thumb2\libcr_eabihelpers.a(float.o)
                0x000052c0                __aeabi_fadd
 .text.__aeabi_f2iz
                0x00005390       0x44 c:/nxp/lpcxpresso_3.6.3/tools/bin/../lib/gcc/arm-none-eabi/4.3.3/thumb2\libcr_eabihelpers.a(float.o)
                0x00005390                __aeabi_f2iz
 .text.__aeabi_f2d
                0x000053d4       0x3c c:/nxp/lpcxpresso_3.6.3/tools/bin/../lib/gcc/arm-none-eabi/4.3.3/thumb2\libcr_eabihelpers.a(float.o)
                0x000053d4                __aeabi_f2d
 .text.__aeabi_fcmpeq
                0x00005410       0x20 c:/nxp/lpcxpresso_3.6.3/tools/bin/../lib/gcc/arm-none-eabi/4.3.3/thumb2\libcr_eabihelpers.a(float.o)
                0x00005410                __aeabi_fcmpeq
 .text.__aeabi_i2f
                0x00005430       0x54 c:/nxp/lpcxpresso_3.6.3/tools/bin/../lib/gcc/arm-none-eabi/4.3.3/thumb2\libcr_eabihelpers.a(float.o)
                0x00005430                __aeabi_i2f
 .text          0x00005484       0x54 c:/nxp/lpcxpresso_3.6.3/tools/bin/../lib/gcc/arm-none-eabi/4.3.3/thumb2\libcr_eabihelpers.a(helpers.o)
                0x000054c0                __aeabi_uldivmod
                0x00005496                __aeabi_uidivmod
                0x00005484                __aeabi_idivmod
                0x000054a8                __aeabi_ldivmod
 .text.__aeabi_idiv0
                0x000054d8        0x4 c:/nxp/lpcxpresso_3.6.3/tools/bin/../lib/gcc/arm-none-eabi/4.3.3/thumb2\libcr_eabihelpers.a(rtlib.o)
                0x000054d8                __aeabi_idiv0
 .text.__bhs_uidivmod
                0x000054dc       0x74 c:/nxp/lpcxpresso_3.6.3/tools/bin/../lib/gcc/arm-none-eabi/4.3.3/thumb2\libcr_eabihelpers.a(rtlib.o)
                0x000054dc                __bhs_uidivmod
 .text.__aeabi_ldiv0
                0x00005550        0x4 c:/nxp/lpcxpresso_3.6.3/tools/bin/../lib/gcc/arm-none-eabi/4.3.3/thumb2\libcr_eabihelpers.a(rtlib.o)
                0x00005550                __aeabi_ldiv0
 .text.__bhs_idivmod
                0x00005554       0x98 c:/nxp/lpcxpresso_3.6.3/tools/bin/../lib/gcc/arm-none-eabi/4.3.3/thumb2\libcr_eabihelpers.a(rtlib.o)
                0x00005554                __bhs_idivmod
 .text.__bhs_uldivmod
                0x000055ec      0x1b8 c:/nxp/lpcxpresso_3.6.3/tools/bin/../lib/gcc/arm-none-eabi/4.3.3/thumb2\libcr_eabihelpers.a(rtlib.o)
                0x000055ec                __bhs_uldivmod
 .text.__bhs_ldivmod
                0x000057a4      0x20c c:/nxp/lpcxpresso_3.6.3/tools/bin/../lib/gcc/arm-none-eabi/4.3.3/thumb2\libcr_eabihelpers.a(rtlib.o)
                0x000057a4                __bhs_ldivmod
 .text          0x000059b0       0x24 c:/nxp/lpcxpresso_3.6.3/tools/bin/../lib/gcc/arm-none-eabi/4.3.3/../../../../arm-none-eabi/lib/thumb2\libcr_semihost.a(_cr_sbrk.o)
                0x000059b0                _sbrk
 .text          0x000059d4      0x13c c:/nxp/lpcxpresso_3.6.3/tools/bin/../lib/gcc/arm-none-eabi/4.3.3/../../../../arm-none-eabi/lib/thumb2\libcr_semihost.a(cr_sys.o)
                0x00005a38                _Csys_read_
                0x00005aa0                _Csyscall2
                0x000059d4                _Csyscall0
                0x000059f8                _Csys_tmpnam_
                0x000059f0                _Csys_open
                0x00005a58                _Csyscall3
                0x00005ac0                _Csyscall1
 .text          0x00005b10       0x14 c:/nxp/lpcxpresso_3.6.3/tools/bin/../lib/gcc/arm-none-eabi/4.3.3/../../../../arm-none-eabi/lib/thumb2\libcr_semihost.a(cr__close.o)
                0x00005b10                __close
 .text          0x00005b24       0x10 c:/nxp/lpcxpresso_3.6.3/tools/bin/../lib/gcc/arm-none-eabi/4.3.3/../../../../arm-none-eabi/lib/thumb2\libcr_semihost.a(cr__exit.o)
                0x00005b24                __exit
 .text          0x00005b34       0x24 c:/nxp/lpcxpresso_3.6.3/tools/bin/../lib/gcc/arm-none-eabi/4.3.3/../../../../arm-none-eabi/lib/thumb2\libcr_semihost.a(cr__open.o)
                0x00005b34                __open
 .text          0x00005b58       0x24 c:/nxp/lpcxpresso_3.6.3/tools/bin/../lib/gcc/arm-none-eabi/4.3.3/../../../../arm-none-eabi/lib/thumb2\libcr_semihost.a(cr__read.o)
                0x00005b58                __read
 .text          0x00005b7c       0x10 c:/nxp/lpcxpresso_3.6.3/tools/bin/../lib/gcc/arm-none-eabi/4.3.3/../../../../arm-none-eabi/lib/thumb2\libcr_semihost.a(cr__readc.o)
                0x00005b7c                __readc
 .text          0x00005b8c       0x20 c:/nxp/lpcxpresso_3.6.3/tools/bin/../lib/gcc/arm-none-eabi/4.3.3/../../../../arm-none-eabi/lib/thumb2\libcr_semihost.a(cr__unlink.o)
                0x00005b8c                __unlink
 .text          0x00005bac       0x20 c:/nxp/lpcxpresso_3.6.3/tools/bin/../lib/gcc/arm-none-eabi/4.3.3/../../../../arm-none-eabi/lib/thumb2\libcr_semihost.a(cr__write.o)
                0x00005bac                __write
 *fill*         0x00005bcc        0x4 00
 .text          0x00005bd0       0x40 c:/nxp/lpcxpresso_3.6.3/tools/bin/../lib/gcc/arm-none-eabi/4.3.3/../../../../arm-none-eabi/lib/thumb2\libcr_semihost.a(cr_stubs.o)
                0x00005bf4                _stub_istty
                0x00005be8                _stub_clock
                0x00005bd0                _stub_read
                0x00005bdc                _stub_tmpnam
                0x00005c02                _stub_seek
                0x00005bee                _stub_time
 *(.rodata .rodata.*)
 .rodata        0x00005c10       0xa4 ./src/main.o
 .rodata.str1.4
                0x00005cb4       0x43 c:/nxp/lpcxpresso_3.6.3/tools/bin/../lib/gcc/arm-none-eabi/4.3.3/../../../../arm-none-eabi/lib/thumb2\libcr_c.a(fpprintf.o)
                                 0x48 (size before relaxing)
 *fill*         0x00005cf7        0x1 00
 .rodata.str1.4
                0x00005cf8        0x6 c:/nxp/lpcxpresso_3.6.3/tools/bin/../lib/gcc/arm-none-eabi/4.3.3/../../../../arm-none-eabi/lib/thumb2\libcr_c.a(initio.o)
                                  0x8 (size before relaxing)
 *fill*         0x00005cfe        0x2 00
 .rodata.str1.4
                0x00005d00       0x3a c:/nxp/lpcxpresso_3.6.3/tools/bin/../lib/gcc/arm-none-eabi/4.3.3/../../../../arm-none-eabi/lib/thumb2\libcr_c.a(printf.o)
                                 0x4c (size before relaxing)
 *fill*         0x00005d3a        0x2 00
 .rodata.str1.4
                0x00005d3c        0x8 c:/nxp/lpcxpresso_3.6.3/tools/bin/../lib/gcc/arm-none-eabi/4.3.3/../../../../arm-none-eabi/lib/thumb2\libcr_c.a(__fillbuf.o)
 *fill*         0x00005d44        0x4 00
 .rodata.__huge_vall
                0x00005d48        0x8 c:/nxp/lpcxpresso_3.6.3/tools/bin/../lib/gcc/arm-none-eabi/4.3.3/../../../../arm-none-eabi/lib/thumb2\libcr_c.a(_hugeval.o)
                0x00005d48                __huge_vall
 .rodata.str1.4
                0x00005d50       0x63 c:/nxp/lpcxpresso_3.6.3/tools/bin/../lib/gcc/arm-none-eabi/4.3.3/../../../../arm-none-eabi/lib/thumb2\libcr_c.a(alloc.o)
                                 0x64 (size before relaxing)
 *fill*         0x00005db3        0x1 00
 .rodata.str1.4
                0x00005db4      0x10c c:/nxp/lpcxpresso_3.6.3/tools/bin/../lib/gcc/arm-none-eabi/4.3.3/../../../../arm-none-eabi/lib/thumb2\libcr_c.a(error.o)
                                0x110 (size before relaxing)
 .rodata.str1.1
                0x00005ec0        0xc c:/nxp/lpcxpresso_3.6.3/tools/bin/../lib/gcc/arm-none-eabi/4.3.3/../../../../arm-none-eabi/lib/thumb2\libcr_semihost.a(cr_sys.o)
                0x00005ecc                . = ALIGN (0x4)

.glue_7         0x00005ecc        0x0
 .glue_7        0x00000000        0x0 linker stubs

.glue_7t        0x00005ecc        0x0
 .glue_7t       0x00000000        0x0 linker stubs

.vfp11_veneer   0x00005ecc        0x0
 .vfp11_veneer  0x00000000        0x0 linker stubs

.v4_bx          0x00005ecc        0x0
 .v4_bx         0x00000000        0x0 linker stubs

.ARM.extab
 *(.ARM.extab* .gnu.linkonce.armextab.*)
                0x00005ecc                __exidx_start = .

.ARM.exidx
 *(.ARM.exidx* .gnu.linkonce.armexidx.*)
                0x00005ecc                __exidx_end = .
                0x00005ecc                _etext = .

.data_RAM2      0x2007c000        0x0 load address 0x00005ecc
 FILL mask 0xff
 *(.data.$RAM2*)
 *(.data.$RamAHB32*)
                0x2007c000                . = ALIGN (0x4)

.uninit_RESERVED
 *(.bss.$RESERVED*)

.data           0x10000000      0x210 load address 0x00005ecc
 FILL mask 0xff
                0x10000000                _data = .
 *(vtable)
 *(.data*)
 .data          0x10000000        0x4 C:\Users\eletck.CKThamHPFolio\Documents\lpcxpresso_3.6.3_317\workspace\Lib_CMSISv1p30_LPC17xx\Debug\libLib_CMSISv1p30_LPC17xx.a(system_LPC17xx.o)
                0x10000000                SystemCoreClock
 .data          0x10000004      0x204 c:/nxp/lpcxpresso_3.6.3/tools/bin/../lib/gcc/arm-none-eabi/4.3.3/../../../../arm-none-eabi/lib/thumb2\libcr_c.a(ctype.o)
                0x10000004                __ctype
 .data.neginf.1957
                0x10000208        0x4 c:/nxp/lpcxpresso_3.6.3/tools/bin/../lib/gcc/arm-none-eabi/4.3.3/../../../../arm-none-eabi/lib/thumb2\libcr_c.a(scanf.o)
 .data.posinf.1956
                0x1000020c        0x4 c:/nxp/lpcxpresso_3.6.3/tools/bin/../lib/gcc/arm-none-eabi/4.3.3/../../../../arm-none-eabi/lib/thumb2\libcr_c.a(scanf.o)
                0x10000210                . = ALIGN (0x4)
                0x10000210                _edata = .

.bss_RAM2       0x2007c000        0x0
 *(.bss.$RAM2*)
 *(.bss.$RamAHB32*)
                0x2007c000                . = ALIGN (0x4)

.bss            0x10000210      0x360
                0x10000210                _bss = .
 *(.bss*)
 .bss           0x10000210        0x4 ./src/main.o
 .bss.sys_message
                0x10000214       0x3c c:/nxp/lpcxpresso_3.6.3/tools/bin/../lib/gcc/arm-none-eabi/4.3.3/../../../../arm-none-eabi/lib/thumb2\libcr_c.a(alloc.o)
 .bss           0x10000250        0x4 c:/nxp/lpcxpresso_3.6.3/tools/bin/../lib/gcc/arm-none-eabi/4.3.3/../../../../arm-none-eabi/lib/thumb2\libcr_semihost.a(cr_sys.o)
 *(COMMON)
 COMMON         0x10000254        0x8 c:/nxp/lpcxpresso_3.6.3/tools/bin/../lib/gcc/arm-none-eabi/4.3.3/../../../../arm-none-eabi/lib/thumb2\libcr_semihost.a(_cr__main.o)
                0x10000254                errno
                0x10000258                _error_recursion
 COMMON         0x1000025c        0x8 c:/nxp/lpcxpresso_3.6.3/tools/bin/../lib/gcc/arm-none-eabi/4.3.3/../../../../arm-none-eabi/lib/thumb2\libcr_c.a(__init_alloc.o)
                0x1000025c                __heaps
                0x10000260                __end_of_heap
 COMMON         0x10000264        0x4 c:/nxp/lpcxpresso_3.6.3/tools/bin/../lib/gcc/arm-none-eabi/4.3.3/../../../../arm-none-eabi/lib/thumb2\libcr_c.a(initio.o)
                0x10000264                _extra
 COMMON         0x10000268      0x280 c:/nxp/lpcxpresso_3.6.3/tools/bin/../lib/gcc/arm-none-eabi/4.3.3/../../../../arm-none-eabi/lib/thumb2\libcr_c.a(stdio.o)
                0x10000268                __Ciob
 COMMON         0x100004e8       0x88 c:/nxp/lpcxpresso_3.6.3/tools/bin/../lib/gcc/arm-none-eabi/4.3.3/../../../../arm-none-eabi/lib/thumb2\libcr_c.a(stdlib.o)
                0x100004e8                _exitvector
                0x1000056c                _number_of_exit_functions
                0x10000570                . = ALIGN (0x4)
                0x10000570                _ebss = .
                0x10000570                PROVIDE (end, .)
                0x10000570                PROVIDE (_pvHeapStart, .)
                0x10008000                PROVIDE (_vStackTop, (__top_RamLoc32 - 0x0))
OUTPUT(EE2024Project1.axf elf32-littlearm)

.debug_abbrev   0x00000000      0x201
 .debug_abbrev  0x00000000       0xbd ./src/cr_startup_lpc17.o
 .debug_abbrev  0x000000bd       0x6c ./src/main.o
 .debug_abbrev  0x00000129       0x14 ./src/optimize.o
 .debug_abbrev  0x0000013d       0xc4 C:\Users\eletck.CKThamHPFolio\Documents\lpcxpresso_3.6.3_317\workspace\Lib_CMSISv1p30_LPC17xx\Debug\libLib_CMSISv1p30_LPC17xx.a(system_LPC17xx.o)

.debug_info     0x00000000      0x6d7
 .debug_info    0x00000000      0x1ec ./src/cr_startup_lpc17.o
 .debug_info    0x000001ec      0x116 ./src/main.o
 .debug_info    0x00000302       0xa5 ./src/optimize.o
 .debug_info    0x000003a7      0x330 C:\Users\eletck.CKThamHPFolio\Documents\lpcxpresso_3.6.3_317\workspace\Lib_CMSISv1p30_LPC17xx\Debug\libLib_CMSISv1p30_LPC17xx.a(system_LPC17xx.o)

.debug_line     0x00000000      0x90f
 .debug_line    0x00000000      0x374 ./src/cr_startup_lpc17.o
 .debug_line    0x00000374      0x24b ./src/main.o
 .debug_line    0x000005bf       0x41 ./src/optimize.o
 .debug_line    0x00000600      0x30f C:\Users\eletck.CKThamHPFolio\Documents\lpcxpresso_3.6.3_317\workspace\Lib_CMSISv1p30_LPC17xx\Debug\libLib_CMSISv1p30_LPC17xx.a(system_LPC17xx.o)

.debug_macinfo  0x00000000     0xa8a9
 .debug_macinfo
                0x00000000     0x2694 ./src/cr_startup_lpc17.o
 .debug_macinfo
                0x00002694     0x14d2 ./src/main.o
 .debug_macinfo
                0x00003b66     0x6d43 C:\Users\eletck.CKThamHPFolio\Documents\lpcxpresso_3.6.3_317\workspace\Lib_CMSISv1p30_LPC17xx\Debug\libLib_CMSISv1p30_LPC17xx.a(system_LPC17xx.o)

.debug_frame    0x00000000      0x1a0
 .debug_frame   0x00000000      0x120 ./src/cr_startup_lpc17.o
 .debug_frame   0x00000120       0x38 ./src/main.o
 .debug_frame   0x00000158       0x48 C:\Users\eletck.CKThamHPFolio\Documents\lpcxpresso_3.6.3_317\workspace\Lib_CMSISv1p30_LPC17xx\Debug\libLib_CMSISv1p30_LPC17xx.a(system_LPC17xx.o)

.debug_loc      0x00000000      0x274
 .debug_loc     0x00000000      0x1e5 ./src/cr_startup_lpc17.o
 .debug_loc     0x000001e5       0x39 ./src/main.o
 .debug_loc     0x0000021e       0x56 C:\Users\eletck.CKThamHPFolio\Documents\lpcxpresso_3.6.3_317\workspace\Lib_CMSISv1p30_LPC17xx\Debug\libLib_CMSISv1p30_LPC17xx.a(system_LPC17xx.o)

.debug_pubnames
                0x00000000      0x167
 .debug_pubnames
                0x00000000       0xfd ./src/cr_startup_lpc17.o
 .debug_pubnames
                0x000000fd       0x1b ./src/main.o
 .debug_pubnames
                0x00000118       0x4f C:\Users\eletck.CKThamHPFolio\Documents\lpcxpresso_3.6.3_317\workspace\Lib_CMSISv1p30_LPC17xx\Debug\libLib_CMSISv1p30_LPC17xx.a(system_LPC17xx.o)

.debug_aranges  0x00000000       0xd0
 .debug_aranges
                0x00000000       0x70 ./src/cr_startup_lpc17.o
 .debug_aranges
                0x00000070       0x20 ./src/main.o
 .debug_aranges
                0x00000090       0x20 ./src/optimize.o
 .debug_aranges
                0x000000b0       0x20 C:\Users\eletck.CKThamHPFolio\Documents\lpcxpresso_3.6.3_317\workspace\Lib_CMSISv1p30_LPC17xx\Debug\libLib_CMSISv1p30_LPC17xx.a(system_LPC17xx.o)

.debug_ranges   0x00000000       0x80
 .debug_ranges  0x00000000       0x68 ./src/cr_startup_lpc17.o
 .debug_ranges  0x00000068       0x18 ./src/main.o

.debug_str      0x00000000      0x3e7
 .debug_str     0x00000000      0x1c5 ./src/cr_startup_lpc17.o
                                0x1f9 (size before relaxing)
 .debug_str     0x000001c5       0x3d ./src/main.o
                                 0xf0 (size before relaxing)
 .debug_str     0x00000202      0x1e5 C:\Users\eletck.CKThamHPFolio\Documents\lpcxpresso_3.6.3_317\workspace\Lib_CMSISv1p30_LPC17xx\Debug\libLib_CMSISv1p30_LPC17xx.a(system_LPC17xx.o)
                                0x26a (size before relaxing)

.comment        0x00000000      0x810
 .comment       0x00000000       0x2b ./src/cr_startup_lpc17.o
 .comment       0x0000002b       0x2b ./src/main.o
 .comment       0x00000056       0x2b C:\Users\eletck.CKThamHPFolio\Documents\lpcxpresso_3.6.3_317\workspace\Lib_CMSISv1p30_LPC17xx\Debug\libLib_CMSISv1p30_LPC17xx.a(system_LPC17xx.o)
 .comment       0x00000081       0x2b c:/nxp/lpcxpresso_3.6.3/tools/bin/../lib/gcc/arm-none-eabi/4.3.3/../../../../arm-none-eabi/lib/thumb2\libcr_semihost.a(_cr__main.o)
 .comment       0x000000ac       0x2b c:/nxp/lpcxpresso_3.6.3/tools/bin/../lib/gcc/arm-none-eabi/4.3.3/../../../../arm-none-eabi/lib/thumb2\libcr_c.a(__init_alloc.o)
 .comment       0x000000d7       0x2b c:/nxp/lpcxpresso_3.6.3/tools/bin/../lib/gcc/arm-none-eabi/4.3.3/../../../../arm-none-eabi/lib/thumb2\libcr_c.a(ctype.o)
 .comment       0x00000102       0x2b c:/nxp/lpcxpresso_3.6.3/tools/bin/../lib/gcc/arm-none-eabi/4.3.3/../../../../arm-none-eabi/lib/thumb2\libcr_c.a(fpprintf.o)
 .comment       0x0000012d       0x2b c:/nxp/lpcxpresso_3.6.3/tools/bin/../lib/gcc/arm-none-eabi/4.3.3/../../../../arm-none-eabi/lib/thumb2\libcr_c.a(initio.o)
 .comment       0x00000158       0x2b c:/nxp/lpcxpresso_3.6.3/tools/bin/../lib/gcc/arm-none-eabi/4.3.3/../../../../arm-none-eabi/lib/thumb2\libcr_c.a(memset.o)
 .comment       0x00000183       0x2b c:/nxp/lpcxpresso_3.6.3/tools/bin/../lib/gcc/arm-none-eabi/4.3.3/../../../../arm-none-eabi/lib/thumb2\libcr_c.a(printf.o)
 .comment       0x000001ae       0x2b c:/nxp/lpcxpresso_3.6.3/tools/bin/../lib/gcc/arm-none-eabi/4.3.3/../../../../arm-none-eabi/lib/thumb2\libcr_c.a(scanf.o)
 .comment       0x000001d9       0x2b c:/nxp/lpcxpresso_3.6.3/tools/bin/../lib/gcc/arm-none-eabi/4.3.3/../../../../arm-none-eabi/lib/thumb2\libcr_c.a(setvbuf.o)
 .comment       0x00000204       0x2b c:/nxp/lpcxpresso_3.6.3/tools/bin/../lib/gcc/arm-none-eabi/4.3.3/../../../../arm-none-eabi/lib/thumb2\libcr_c.a(stdio.o)
 .comment       0x0000022f       0x2b c:/nxp/lpcxpresso_3.6.3/tools/bin/../lib/gcc/arm-none-eabi/4.3.3/../../../../arm-none-eabi/lib/thumb2\libcr_c.a(stdlib.o)
 .comment       0x0000025a       0x2b c:/nxp/lpcxpresso_3.6.3/tools/bin/../lib/gcc/arm-none-eabi/4.3.3/../../../../arm-none-eabi/lib/thumb2\libcr_c.a(strcpy.o)
 .comment       0x00000285       0x2b c:/nxp/lpcxpresso_3.6.3/tools/bin/../lib/gcc/arm-none-eabi/4.3.3/../../../../arm-none-eabi/lib/thumb2\libcr_c.a(strlen.o)
 .comment       0x000002b0       0x2b c:/nxp/lpcxpresso_3.6.3/tools/bin/../lib/gcc/arm-none-eabi/4.3.3/../../../../arm-none-eabi/lib/thumb2\libcr_c.a(ungetc.o)
 .comment       0x000002db       0x2b c:/nxp/lpcxpresso_3.6.3/tools/bin/../lib/gcc/arm-none-eabi/4.3.3/../../../../arm-none-eabi/lib/thumb2\libcr_c.a(__fillbuf.o)
 .comment       0x00000306       0x2b c:/nxp/lpcxpresso_3.6.3/tools/bin/../lib/gcc/arm-none-eabi/4.3.3/../../../../arm-none-eabi/lib/thumb2\libcr_c.a(_deferredlazyseek.o)
 .comment       0x00000331       0x2b c:/nxp/lpcxpresso_3.6.3/tools/bin/../lib/gcc/arm-none-eabi/4.3.3/../../../../arm-none-eabi/lib/thumb2\libcr_c.a(_fdopen.o)
 .comment       0x0000035c       0x2b c:/nxp/lpcxpresso_3.6.3/tools/bin/../lib/gcc/arm-none-eabi/4.3.3/../../../../arm-none-eabi/lib/thumb2\libcr_c.a(_fflush.o)
 .comment       0x00000387       0x2b c:/nxp/lpcxpresso_3.6.3/tools/bin/../lib/gcc/arm-none-eabi/4.3.3/../../../../arm-none-eabi/lib/thumb2\libcr_c.a(_frexpl.o)
 .comment       0x000003b2       0x2b c:/nxp/lpcxpresso_3.6.3/tools/bin/../lib/gcc/arm-none-eabi/4.3.3/../../../../arm-none-eabi/lib/thumb2\libcr_c.a(_hugeval.o)
 .comment       0x000003dd       0x2b c:/nxp/lpcxpresso_3.6.3/tools/bin/../lib/gcc/arm-none-eabi/4.3.3/../../../../arm-none-eabi/lib/thumb2\libcr_c.a(_ldexpl.o)
 .comment       0x00000408       0x2b c:/nxp/lpcxpresso_3.6.3/tools/bin/../lib/gcc/arm-none-eabi/4.3.3/../../../../arm-none-eabi/lib/thumb2\libcr_c.a(_writebuf.o)
 .comment       0x00000433       0x2b c:/nxp/lpcxpresso_3.6.3/tools/bin/../lib/gcc/arm-none-eabi/4.3.3/../../../../arm-none-eabi/lib/thumb2\libcr_c.a(alloc.o)
 .comment       0x0000045e       0x2b c:/nxp/lpcxpresso_3.6.3/tools/bin/../lib/gcc/arm-none-eabi/4.3.3/../../../../arm-none-eabi/lib/thumb2\libcr_c.a(error.o)
 .comment       0x00000489       0x2b c:/nxp/lpcxpresso_3.6.3/tools/bin/../lib/gcc/arm-none-eabi/4.3.3/../../../../arm-none-eabi/lib/thumb2\libcr_c.a(fclose.o)
 .comment       0x000004b4       0x2b c:/nxp/lpcxpresso_3.6.3/tools/bin/../lib/gcc/arm-none-eabi/4.3.3/../../../../arm-none-eabi/lib/thumb2\libcr_c.a(fflush.o)
 .comment       0x000004df       0x2b c:/nxp/lpcxpresso_3.6.3/tools/bin/../lib/gcc/arm-none-eabi/4.3.3/../../../../arm-none-eabi/lib/thumb2\libcr_c.a(fputs.o)
 .comment       0x0000050a       0x2b c:/nxp/lpcxpresso_3.6.3/tools/bin/../lib/gcc/arm-none-eabi/4.3.3/../../../../arm-none-eabi/lib/thumb2\libcr_c.a(fseek.o)
 .comment       0x00000535       0x2b c:/nxp/lpcxpresso_3.6.3/tools/bin/../lib/gcc/arm-none-eabi/4.3.3/../../../../arm-none-eabi/lib/thumb2\libcr_c.a(ftell.o)
 .comment       0x00000560       0x2b c:/nxp/lpcxpresso_3.6.3/tools/bin/../lib/gcc/arm-none-eabi/4.3.3/../../../../arm-none-eabi/lib/thumb2\libcr_c.a(memcpy.o)
 .comment       0x0000058b       0x2b c:/nxp/lpcxpresso_3.6.3/tools/bin/../lib/gcc/arm-none-eabi/4.3.3/../../../../arm-none-eabi/lib/thumb2\libcr_c.a(raise.o)
 .comment       0x000005b6       0x2b c:/nxp/lpcxpresso_3.6.3/tools/bin/../lib/gcc/arm-none-eabi/4.3.3/../../../../arm-none-eabi/lib/thumb2\libcr_c.a(remove.o)
 .comment       0x000005e1       0x2b c:/nxp/lpcxpresso_3.6.3/tools/bin/../lib/gcc/arm-none-eabi/4.3.3/../../../../arm-none-eabi/lib/thumb2\libcr_c.a(_do_fflush.o)
 .comment       0x0000060c       0x2b c:/nxp/lpcxpresso_3.6.3/tools/bin/../lib/gcc/arm-none-eabi/4.3.3/thumb2\libcr_eabihelpers.a(double.o)
 .comment       0x00000637       0x2b c:/nxp/lpcxpresso_3.6.3/tools/bin/../lib/gcc/arm-none-eabi/4.3.3/thumb2\libcr_eabihelpers.a(float.o)
 .comment       0x00000662       0x2b c:/nxp/lpcxpresso_3.6.3/tools/bin/../lib/gcc/arm-none-eabi/4.3.3/thumb2\libcr_eabihelpers.a(rtlib.o)
 .comment       0x0000068d       0x2b c:/nxp/lpcxpresso_3.6.3/tools/bin/../lib/gcc/arm-none-eabi/4.3.3/../../../../arm-none-eabi/lib/thumb2\libcr_semihost.a(_cr_sbrk.o)
 .comment       0x000006b8       0x2b c:/nxp/lpcxpresso_3.6.3/tools/bin/../lib/gcc/arm-none-eabi/4.3.3/../../../../arm-none-eabi/lib/thumb2\libcr_semihost.a(cr_sys.o)
 .comment       0x000006e3       0x2b c:/nxp/lpcxpresso_3.6.3/tools/bin/../lib/gcc/arm-none-eabi/4.3.3/../../../../arm-none-eabi/lib/thumb2\libcr_semihost.a(cr__close.o)
 .comment       0x0000070e       0x2b c:/nxp/lpcxpresso_3.6.3/tools/bin/../lib/gcc/arm-none-eabi/4.3.3/../../../../arm-none-eabi/lib/thumb2\libcr_semihost.a(cr__exit.o)
 .comment       0x00000739       0x2b c:/nxp/lpcxpresso_3.6.3/tools/bin/../lib/gcc/arm-none-eabi/4.3.3/../../../../arm-none-eabi/lib/thumb2\libcr_semihost.a(cr__open.o)
 .comment       0x00000764       0x2b c:/nxp/lpcxpresso_3.6.3/tools/bin/../lib/gcc/arm-none-eabi/4.3.3/../../../../arm-none-eabi/lib/thumb2\libcr_semihost.a(cr__read.o)
 .comment       0x0000078f       0x2b c:/nxp/lpcxpresso_3.6.3/tools/bin/../lib/gcc/arm-none-eabi/4.3.3/../../../../arm-none-eabi/lib/thumb2\libcr_semihost.a(cr__readc.o)
 .comment       0x000007ba       0x2b c:/nxp/lpcxpresso_3.6.3/tools/bin/../lib/gcc/arm-none-eabi/4.3.3/../../../../arm-none-eabi/lib/thumb2\libcr_semihost.a(cr__unlink.o)
 .comment       0x000007e5       0x2b c:/nxp/lpcxpresso_3.6.3/tools/bin/../lib/gcc/arm-none-eabi/4.3.3/../../../../arm-none-eabi/lib/thumb2\libcr_semihost.a(cr__write.o)

.ARM.attributes
                0x00000000       0x2f
 .ARM.attributes
                0x00000000       0x31 ./src/cr_startup_lpc17.o
 .ARM.attributes
                0x00000031       0x31 ./src/main.o
 .ARM.attributes
                0x00000062       0x21 ./src/optimize.o
 .ARM.attributes
                0x00000083       0x31 C:\Users\eletck.CKThamHPFolio\Documents\lpcxpresso_3.6.3_317\workspace\Lib_CMSISv1p30_LPC17xx\Debug\libLib_CMSISv1p30_LPC17xx.a(system_LPC17xx.o)
 .ARM.attributes
                0x000000b4       0x31 c:/nxp/lpcxpresso_3.6.3/tools/bin/../lib/gcc/arm-none-eabi/4.3.3/../../../../arm-none-eabi/lib/thumb2\libcr_semihost.a(_cr__main.o)
 .ARM.attributes
                0x000000e5       0x31 c:/nxp/lpcxpresso_3.6.3/tools/bin/../lib/gcc/arm-none-eabi/4.3.3/../../../../arm-none-eabi/lib/thumb2\libcr_c.a(__init_alloc.o)
 .ARM.attributes
                0x00000116       0x31 c:/nxp/lpcxpresso_3.6.3/tools/bin/../lib/gcc/arm-none-eabi/4.3.3/../../../../arm-none-eabi/lib/thumb2\libcr_c.a(ctype.o)
 .ARM.attributes
                0x00000147       0x31 c:/nxp/lpcxpresso_3.6.3/tools/bin/../lib/gcc/arm-none-eabi/4.3.3/../../../../arm-none-eabi/lib/thumb2\libcr_c.a(fpprintf.o)
 .ARM.attributes
                0x00000178       0x31 c:/nxp/lpcxpresso_3.6.3/tools/bin/../lib/gcc/arm-none-eabi/4.3.3/../../../../arm-none-eabi/lib/thumb2\libcr_c.a(initio.o)
 .ARM.attributes
                0x000001a9       0x31 c:/nxp/lpcxpresso_3.6.3/tools/bin/../lib/gcc/arm-none-eabi/4.3.3/../../../../arm-none-eabi/lib/thumb2\libcr_c.a(memset.o)
 .ARM.attributes
                0x000001da       0x31 c:/nxp/lpcxpresso_3.6.3/tools/bin/../lib/gcc/arm-none-eabi/4.3.3/../../../../arm-none-eabi/lib/thumb2\libcr_c.a(printf.o)
 .ARM.attributes
                0x0000020b       0x31 c:/nxp/lpcxpresso_3.6.3/tools/bin/../lib/gcc/arm-none-eabi/4.3.3/../../../../arm-none-eabi/lib/thumb2\libcr_c.a(scanf.o)
 .ARM.attributes
                0x0000023c       0x31 c:/nxp/lpcxpresso_3.6.3/tools/bin/../lib/gcc/arm-none-eabi/4.3.3/../../../../arm-none-eabi/lib/thumb2\libcr_c.a(setvbuf.o)
 .ARM.attributes
                0x0000026d       0x31 c:/nxp/lpcxpresso_3.6.3/tools/bin/../lib/gcc/arm-none-eabi/4.3.3/../../../../arm-none-eabi/lib/thumb2\libcr_c.a(stdio.o)
 .ARM.attributes
                0x0000029e       0x31 c:/nxp/lpcxpresso_3.6.3/tools/bin/../lib/gcc/arm-none-eabi/4.3.3/../../../../arm-none-eabi/lib/thumb2\libcr_c.a(stdlib.o)
 .ARM.attributes
                0x000002cf       0x31 c:/nxp/lpcxpresso_3.6.3/tools/bin/../lib/gcc/arm-none-eabi/4.3.3/../../../../arm-none-eabi/lib/thumb2\libcr_c.a(strcpy.o)
 .ARM.attributes
                0x00000300       0x31 c:/nxp/lpcxpresso_3.6.3/tools/bin/../lib/gcc/arm-none-eabi/4.3.3/../../../../arm-none-eabi/lib/thumb2\libcr_c.a(strlen.o)
 .ARM.attributes
                0x00000331       0x31 c:/nxp/lpcxpresso_3.6.3/tools/bin/../lib/gcc/arm-none-eabi/4.3.3/../../../../arm-none-eabi/lib/thumb2\libcr_c.a(ungetc.o)
 .ARM.attributes
                0x00000362       0x31 c:/nxp/lpcxpresso_3.6.3/tools/bin/../lib/gcc/arm-none-eabi/4.3.3/../../../../arm-none-eabi/lib/thumb2\libcr_c.a(__fillbuf.o)
 .ARM.attributes
                0x00000393       0x31 c:/nxp/lpcxpresso_3.6.3/tools/bin/../lib/gcc/arm-none-eabi/4.3.3/../../../../arm-none-eabi/lib/thumb2\libcr_c.a(_deferredlazyseek.o)
 .ARM.attributes
                0x000003c4       0x31 c:/nxp/lpcxpresso_3.6.3/tools/bin/../lib/gcc/arm-none-eabi/4.3.3/../../../../arm-none-eabi/lib/thumb2\libcr_c.a(_fdopen.o)
 .ARM.attributes
                0x000003f5       0x31 c:/nxp/lpcxpresso_3.6.3/tools/bin/../lib/gcc/arm-none-eabi/4.3.3/../../../../arm-none-eabi/lib/thumb2\libcr_c.a(_fflush.o)
 .ARM.attributes
                0x00000426       0x31 c:/nxp/lpcxpresso_3.6.3/tools/bin/../lib/gcc/arm-none-eabi/4.3.3/../../../../arm-none-eabi/lib/thumb2\libcr_c.a(_frexpl.o)
 .ARM.attributes
                0x00000457       0x31 c:/nxp/lpcxpresso_3.6.3/tools/bin/../lib/gcc/arm-none-eabi/4.3.3/../../../../arm-none-eabi/lib/thumb2\libcr_c.a(_hugeval.o)
 .ARM.attributes
                0x00000488       0x31 c:/nxp/lpcxpresso_3.6.3/tools/bin/../lib/gcc/arm-none-eabi/4.3.3/../../../../arm-none-eabi/lib/thumb2\libcr_c.a(_ldexpl.o)
 .ARM.attributes
                0x000004b9       0x31 c:/nxp/lpcxpresso_3.6.3/tools/bin/../lib/gcc/arm-none-eabi/4.3.3/../../../../arm-none-eabi/lib/thumb2\libcr_c.a(_writebuf.o)
 .ARM.attributes
                0x000004ea       0x31 c:/nxp/lpcxpresso_3.6.3/tools/bin/../lib/gcc/arm-none-eabi/4.3.3/../../../../arm-none-eabi/lib/thumb2\libcr_c.a(alloc.o)
 .ARM.attributes
                0x0000051b       0x31 c:/nxp/lpcxpresso_3.6.3/tools/bin/../lib/gcc/arm-none-eabi/4.3.3/../../../../arm-none-eabi/lib/thumb2\libcr_c.a(error.o)
 .ARM.attributes
                0x0000054c       0x31 c:/nxp/lpcxpresso_3.6.3/tools/bin/../lib/gcc/arm-none-eabi/4.3.3/../../../../arm-none-eabi/lib/thumb2\libcr_c.a(fclose.o)
 .ARM.attributes
                0x0000057d       0x31 c:/nxp/lpcxpresso_3.6.3/tools/bin/../lib/gcc/arm-none-eabi/4.3.3/../../../../arm-none-eabi/lib/thumb2\libcr_c.a(fflush.o)
 .ARM.attributes
                0x000005ae       0x31 c:/nxp/lpcxpresso_3.6.3/tools/bin/../lib/gcc/arm-none-eabi/4.3.3/../../../../arm-none-eabi/lib/thumb2\libcr_c.a(fputs.o)
 .ARM.attributes
                0x000005df       0x31 c:/nxp/lpcxpresso_3.6.3/tools/bin/../lib/gcc/arm-none-eabi/4.3.3/../../../../arm-none-eabi/lib/thumb2\libcr_c.a(fseek.o)
 .ARM.attributes
                0x00000610       0x31 c:/nxp/lpcxpresso_3.6.3/tools/bin/../lib/gcc/arm-none-eabi/4.3.3/../../../../arm-none-eabi/lib/thumb2\libcr_c.a(ftell.o)
 .ARM.attributes
                0x00000641       0x31 c:/nxp/lpcxpresso_3.6.3/tools/bin/../lib/gcc/arm-none-eabi/4.3.3/../../../../arm-none-eabi/lib/thumb2\libcr_c.a(memcpy.o)
 .ARM.attributes
                0x00000672       0x31 c:/nxp/lpcxpresso_3.6.3/tools/bin/../lib/gcc/arm-none-eabi/4.3.3/../../../../arm-none-eabi/lib/thumb2\libcr_c.a(raise.o)
 .ARM.attributes
                0x000006a3       0x31 c:/nxp/lpcxpresso_3.6.3/tools/bin/../lib/gcc/arm-none-eabi/4.3.3/../../../../arm-none-eabi/lib/thumb2\libcr_c.a(remove.o)
 .ARM.attributes
                0x000006d4       0x31 c:/nxp/lpcxpresso_3.6.3/tools/bin/../lib/gcc/arm-none-eabi/4.3.3/../../../../arm-none-eabi/lib/thumb2\libcr_c.a(_do_fflush.o)
 .ARM.attributes
                0x00000705       0x31 c:/nxp/lpcxpresso_3.6.3/tools/bin/../lib/gcc/arm-none-eabi/4.3.3/thumb2\libcr_eabihelpers.a(double.o)
 .ARM.attributes
                0x00000736       0x31 c:/nxp/lpcxpresso_3.6.3/tools/bin/../lib/gcc/arm-none-eabi/4.3.3/thumb2\libcr_eabihelpers.a(float.o)
 .ARM.attributes
                0x00000767       0x21 c:/nxp/lpcxpresso_3.6.3/tools/bin/../lib/gcc/arm-none-eabi/4.3.3/thumb2\libcr_eabihelpers.a(helpers.o)
 .ARM.attributes
                0x00000788       0x31 c:/nxp/lpcxpresso_3.6.3/tools/bin/../lib/gcc/arm-none-eabi/4.3.3/thumb2\libcr_eabihelpers.a(rtlib.o)
 .ARM.attributes
                0x000007b9       0x31 c:/nxp/lpcxpresso_3.6.3/tools/bin/../lib/gcc/arm-none-eabi/4.3.3/../../../../arm-none-eabi/lib/thumb2\libcr_semihost.a(_cr_sbrk.o)
 .ARM.attributes
                0x000007ea       0x31 c:/nxp/lpcxpresso_3.6.3/tools/bin/../lib/gcc/arm-none-eabi/4.3.3/../../../../arm-none-eabi/lib/thumb2\libcr_semihost.a(cr_sys.o)
 .ARM.attributes
                0x0000081b       0x31 c:/nxp/lpcxpresso_3.6.3/tools/bin/../lib/gcc/arm-none-eabi/4.3.3/../../../../arm-none-eabi/lib/thumb2\libcr_semihost.a(cr__close.o)
 .ARM.attributes
                0x0000084c       0x31 c:/nxp/lpcxpresso_3.6.3/tools/bin/../lib/gcc/arm-none-eabi/4.3.3/../../../../arm-none-eabi/lib/thumb2\libcr_semihost.a(cr__exit.o)
 .ARM.attributes
                0x0000087d       0x31 c:/nxp/lpcxpresso_3.6.3/tools/bin/../lib/gcc/arm-none-eabi/4.3.3/../../../../arm-none-eabi/lib/thumb2\libcr_semihost.a(cr__open.o)
 .ARM.attributes
                0x000008ae       0x31 c:/nxp/lpcxpresso_3.6.3/tools/bin/../lib/gcc/arm-none-eabi/4.3.3/../../../../arm-none-eabi/lib/thumb2\libcr_semihost.a(cr__read.o)
 .ARM.attributes
                0x000008df       0x31 c:/nxp/lpcxpresso_3.6.3/tools/bin/../lib/gcc/arm-none-eabi/4.3.3/../../../../arm-none-eabi/lib/thumb2\libcr_semihost.a(cr__readc.o)
 .ARM.attributes
                0x00000910       0x31 c:/nxp/lpcxpresso_3.6.3/tools/bin/../lib/gcc/arm-none-eabi/4.3.3/../../../../arm-none-eabi/lib/thumb2\libcr_semihost.a(cr__unlink.o)
 .ARM.attributes
                0x00000941       0x31 c:/nxp/lpcxpresso_3.6.3/tools/bin/../lib/gcc/arm-none-eabi/4.3.3/../../../../arm-none-eabi/lib/thumb2\libcr_semihost.a(cr__write.o)
 .ARM.attributes
                0x00000972       0x21 c:/nxp/lpcxpresso_3.6.3/tools/bin/../lib/gcc/arm-none-eabi/4.3.3/../../../../arm-none-eabi/lib/thumb2\libcr_semihost.a(cr_stubs.o)
