Archive member included because of file (symbol)

C:\Users\eletck.CKThamHPFolio\Documents\lpcxpresso_3.6.3_317\workspace\Lib_CMSISv1p30_LPC17xx\Debug\libCMSISv1p30_LPC17xx.a(system_LPC17xx.o)
                              ./src/cr_startup_lpc17.o (SystemInit)
c:/nxp/lpcxpresso_3.6.3/tools/bin/../lib/gcc/arm-none-eabi/4.3.3/../../../../arm-none-eabi/lib/thumb2\libcr_semihost.a(_cr__main.o)
                              ./src/cr_startup_lpc17.o (__main)
c:/nxp/lpcxpresso_3.6.3/tools/bin/../lib/gcc/arm-none-eabi/4.3.3/../../../../arm-none-eabi/lib/thumb2\libcr_c.a(__init_alloc.o)
                              c:/nxp/lpcxpresso_3.6.3/tools/bin/../lib/gcc/arm-none-eabi/4.3.3/../../../../arm-none-eabi/lib/thumb2\libcr_semihost.a(_cr__main.o) (_init_alloc)
c:/nxp/lpcxpresso_3.6.3/tools/bin/../lib/gcc/arm-none-eabi/4.3.3/../../../../arm-none-eabi/lib/thumb2\libcr_c.a(ctype.o)
                              c:/nxp/lpcxpresso_3.6.3/tools/bin/../lib/gcc/arm-none-eabi/4.3.3/../../../../arm-none-eabi/lib/thumb2\libcr_semihost.a(_cr__main.o) (_ctype_init)
c:/nxp/lpcxpresso_3.6.3/tools/bin/../lib/gcc/arm-none-eabi/4.3.3/../../../../arm-none-eabi/lib/thumb2\libcr_c.a(fpprintf.o)
                              ./src/main.o (printf)
c:/nxp/lpcxpresso_3.6.3/tools/bin/../lib/gcc/arm-none-eabi/4.3.3/../../../../arm-none-eabi/lib/thumb2\libcr_c.a(initio.o)
                              c:/nxp/lpcxpresso_3.6.3/tools/bin/../lib/gcc/arm-none-eabi/4.3.3/../../../../arm-none-eabi/lib/thumb2\libcr_semihost.a(_cr__main.o) (_terminateio)
c:/nxp/lpcxpresso_3.6.3/tools/bin/../lib/gcc/arm-none-eabi/4.3.3/../../../../arm-none-eabi/lib/thumb2\libcr_c.a(memset.o)
                              c:/nxp/lpcxpresso_3.6.3/tools/bin/../lib/gcc/arm-none-eabi/4.3.3/../../../../arm-none-eabi/lib/thumb2\libcr_c.a(fpprintf.o) (memset)
c:/nxp/lpcxpresso_3.6.3/tools/bin/../lib/gcc/arm-none-eabi/4.3.3/../../../../arm-none-eabi/lib/thumb2\libcr_c.a(printf.o)
                              c:/nxp/lpcxpresso_3.6.3/tools/bin/../lib/gcc/arm-none-eabi/4.3.3/../../../../arm-none-eabi/lib/thumb2\libcr_c.a(fpprintf.o) (__vfprintf)
c:/nxp/lpcxpresso_3.6.3/tools/bin/../lib/gcc/arm-none-eabi/4.3.3/../../../../arm-none-eabi/lib/thumb2\libcr_c.a(scanf.o)
                              ./src/main.o (scanf)
c:/nxp/lpcxpresso_3.6.3/tools/bin/../lib/gcc/arm-none-eabi/4.3.3/../../../../arm-none-eabi/lib/thumb2\libcr_c.a(setvbuf.o)
                              c:/nxp/lpcxpresso_3.6.3/tools/bin/../lib/gcc/arm-none-eabi/4.3.3/../../../../arm-none-eabi/lib/thumb2\libcr_c.a(initio.o) (setvbuf)
c:/nxp/lpcxpresso_3.6.3/tools/bin/../lib/gcc/arm-none-eabi/4.3.3/../../../../arm-none-eabi/lib/thumb2\libcr_c.a(stdio.o)
                              c:/nxp/lpcxpresso_3.6.3/tools/bin/../lib/gcc/arm-none-eabi/4.3.3/../../../../arm-none-eabi/lib/thumb2\libcr_c.a(fpprintf.o) (__Ciob)
c:/nxp/lpcxpresso_3.6.3/tools/bin/../lib/gcc/arm-none-eabi/4.3.3/../../../../arm-none-eabi/lib/thumb2\libcr_c.a(stdlib.o)
                              c:/nxp/lpcxpresso_3.6.3/tools/bin/../lib/gcc/arm-none-eabi/4.3.3/../../../../arm-none-eabi/lib/thumb2\libcr_semihost.a(_cr__main.o) (_exit_init)
c:/nxp/lpcxpresso_3.6.3/tools/bin/../lib/gcc/arm-none-eabi/4.3.3/../../../../arm-none-eabi/lib/thumb2\libcr_c.a(strcpy.o)
                              c:/nxp/lpcxpresso_3.6.3/tools/bin/../lib/gcc/arm-none-eabi/4.3.3/../../../../arm-none-eabi/lib/thumb2\libcr_c.a(fpprintf.o) (strcpy)
c:/nxp/lpcxpresso_3.6.3/tools/bin/../lib/gcc/arm-none-eabi/4.3.3/../../../../arm-none-eabi/lib/thumb2\libcr_c.a(strlen.o)
                              c:/nxp/lpcxpresso_3.6.3/tools/bin/../lib/gcc/arm-none-eabi/4.3.3/../../../../arm-none-eabi/lib/thumb2\libcr_c.a(printf.o) (strlen)
c:/nxp/lpcxpresso_3.6.3/tools/bin/../lib/gcc/arm-none-eabi/4.3.3/../../../../arm-none-eabi/lib/thumb2\libcr_c.a(ungetc.o)
                              c:/nxp/lpcxpresso_3.6.3/tools/bin/../lib/gcc/arm-none-eabi/4.3.3/../../../../arm-none-eabi/lib/thumb2\libcr_c.a(scanf.o) (ungetc)
c:/nxp/lpcxpresso_3.6.3/tools/bin/../lib/gcc/arm-none-eabi/4.3.3/../../../../arm-none-eabi/lib/thumb2\libcr_c.a(__fillbuf.o)
                              c:/nxp/lpcxpresso_3.6.3/tools/bin/../lib/gcc/arm-none-eabi/4.3.3/../../../../arm-none-eabi/lib/thumb2\libcr_c.a(scanf.o) (__filbuf)
c:/nxp/lpcxpresso_3.6.3/tools/bin/../lib/gcc/arm-none-eabi/4.3.3/../../../../arm-none-eabi/lib/thumb2\libcr_c.a(_deferredlazyseek.o)
                              c:/nxp/lpcxpresso_3.6.3/tools/bin/../lib/gcc/arm-none-eabi/4.3.3/../../../../arm-none-eabi/lib/thumb2\libcr_c.a(__fillbuf.o) (_deferredlazyseek)
c:/nxp/lpcxpresso_3.6.3/tools/bin/../lib/gcc/arm-none-eabi/4.3.3/../../../../arm-none-eabi/lib/thumb2\libcr_c.a(_fdopen.o)
                              c:/nxp/lpcxpresso_3.6.3/tools/bin/../lib/gcc/arm-none-eabi/4.3.3/../../../../arm-none-eabi/lib/thumb2\libcr_c.a(initio.o) (_fdopen)
c:/nxp/lpcxpresso_3.6.3/tools/bin/../lib/gcc/arm-none-eabi/4.3.3/../../../../arm-none-eabi/lib/thumb2\libcr_c.a(_fflush.o)
[...]
Memory Configuration

Name             Origin             Length             Attributes
MFlash512        0x00000000         0x00020000         xr
RamLoc32         0x10000000         0x00008000         xrw
RamAHB32         0x2007c000         0x00008000         xrw
*default*        0x00000000         0xffffffff

Linker script and memory map

LOAD ./src/cr_startup_lpc17.o
LOAD ./src/main.o
LOAD ./src/optimize.o
LOAD C:\Users\eletck.CKThamHPFolio\Documents\lpcxpresso_3.6.3_317\workspace\Lib_CMSISv1p30_LPC17xx\Debug\libCMSISv1p30_LPC17xx.a
START GROUP
LOAD c:/nxp/lpcxpresso_3.6.3/tools/bin/../lib/gcc/arm-none-eabi/4.3.3/../../../../arm-none-eabi/lib/thumb2\libcr_semihost.a
LOAD c:/nxp/lpcxpresso_3.6.3/tools/bin/../lib/gcc/arm-none-eabi/4.3.3/../../../../arm-none-eabi/lib/thumb2\libcr_c.a
LOAD c:/nxp/lpcxpresso_3.6.3/tools/bin/../lib/gcc/arm-none-eabi/4.3.3/thumb2\libcr_eabihelpers.a
END GROUP
                0x00080000                __top_MFlash512 = 0x80000
                0x10008000                __top_RamLoc32 = 0x10008000
                0x20084000                __top_RamAHB32 = 0x20084000

.text           0x00000000     0x56dc
 FILL mask 0xff
 *(.isr_vector)
 .isr_vector    0x00000000       0xcc ./src/cr_startup_lpc17.o
                0x00000000                g_pfnVectors
                0x000000cc                . = ALIGN (0x4)
                0x000000cc                __section_table_start = .
                0x000000cc                __data_section_table = .
                0x000000cc        0x4 LONG 0x56dc LOADADDR (.data)
                0x000000d0        0x4 LONG 0x10000000 ADDR (.data)
                0x000000d4        0x4 LONG 0x20c SIZEOF (.data)
                0x000000d8        0x4 LONG 0x56dc LOADADDR (.data_RAM2)
                0x000000dc        0x4 LONG 0x2007c000 ADDR (.data_RAM2)
                0x000000e0        0x4 LONG 0x0 SIZEOF (.data_RAM2)
                0x000000e4                __data_section_table_end = .
                0x000000e4                __bss_section_table = .
                0x000000e4        0x4 LONG 0x1000020c ADDR (.bss)
                0x000000e8        0x4 LONG 0x360 SIZEOF (.bss)
                0x000000ec        0x4 LONG 0x2007c000 ADDR (.bss_RAM2)
                0x000000f0        0x4 LONG 0x0 SIZEOF (.bss_RAM2)
                0x000000f4                __bss_section_table_end = .
                0x000000f4                __section_table_end = .
 *(.after_vectors*)
 *(.text*)
 .text.ResetISR
                0x000000f4       0x68 ./src/cr_startup_lpc17.o
                0x000000f4                ResetISR
 .text.NMI_Handler
                0x0000015c        0x8 ./src/cr_startup_lpc17.o
                0x0000015c                NMI_Handler
 .text.HardFault_Handler
                0x00000164        0x8 ./src/cr_startup_lpc17.o
                0x00000164                HardFault_Handler
 .text.MemManage_Handler
                0x0000016c        0x8 ./src/cr_startup_lpc17.o
                0x0000016c                MemManage_Handler
 .text.BusFault_Handler
                0x00000174        0x8 ./src/cr_startup_lpc17.o
                0x00000174                BusFault_Handler
 .text.UsageFault_Handler
                0x0000017c        0x8 ./src/cr_startup_lpc17.o
                0x0000017c                UsageFault_Handler
 .text.SVCall_Handler
                0x00000184        0x8 ./src/cr_startup_lpc17.o
                0x00000184                SVCall_Handler
 .text.DebugMon_Handler
                0x0000018c        0x8 ./src/cr_startup_lpc17.o
                0x0000018c                DebugMon_Handler
 .text.PendSV_Handler
                0x00000194        0x8 ./src/cr_startup_lpc17.o
                0x00000194                PendSV_Handler
 .text.SysTick_Handler
                0x0000019c        0x8 ./src/cr_startup_lpc17.o
                0x0000019c                SysTick_Handler
 .text.IntDefaultHandler
                0x000001a4        0x8 ./src/cr_startup_lpc17.o
                0x000001a4                TIMER2_IRQHandler
                0x000001a4                RIT_IRQHandler
                0x000001a4                I2C0_IRQHandler
                0x000001a4                USBActivity_IRQHandler
                0x000001a4                PWM1_IRQHandler
                0x000001a4                I2C1_IRQHandler
                0x000001a4                EINT2_IRQHandler
                0x000001a4                UART1_IRQHandler
                0x000001a4                EINT3_IRQHandler
                0x000001a4                CANActivity_IRQHandler
                0x000001a4                TIMER3_IRQHandler
                0x000001a4                UART0_IRQHandler
                0x000001a4                IntDefaultHandler
                0x000001a4                PLL0_IRQHandler
                0x000001a4                CAN_IRQHandler
                0x000001a4                PLL1_IRQHandler
                0x000001a4                SSP0_IRQHandler
                0x000001a4                I2S_IRQHandler
                0x000001a4                I2C2_IRQHandler
                0x000001a4                RTC_IRQHandler
                0x000001a4                TIMER0_IRQHandler
                0x000001a4                SPI_IRQHandler
                0x000001a4                EINT1_IRQHandler
                0x000001a4                TIMER1_IRQHandler
                0x000001a4                UART2_IRQHandler
                0x000001a4                ADC_IRQHandler
                0x000001a4                SSP1_IRQHandler
                0x000001a4                USB_IRQHandler
                0x000001a4                BOD_IRQHandler
                0x000001a4                WDT_IRQHandler
                0x000001a4                QEI_IRQHandler
                0x000001a4                EINT0_IRQHandler
                0x000001a4                DMA_IRQHandler
                0x000001a4                UART3_IRQHandler
                0x000001a4                MCPWM_IRQHandler
                0x000001a4                ENET_IRQHandler
 .text.main     0x000001ac      0x158 ./src/main.o
                0x000001ac                main
 .text          0x00000304        0x8 ./src/optimize.o
                0x00000304                optimize
 .text.SystemInit
                0x0000030c      0x224 C:\Users\eletck.CKThamHPFolio\Documents\lpcxpresso_3.6.3_317\workspace\Lib_CMSISv1p30_LPC17xx\Debug\libCMSISv1p30_LPC17xx.a(system_LPC17xx.o)
                0x0000030c                SystemInit
 .text          0x00000530       0x54 c:/nxp/lpcxpresso_3.6.3/tools/bin/../lib/gcc/arm-none-eabi/4.3.3/../../../../arm-none-eabi/lib/thumb2\libcr_semihost.a(_cr__main.o)
                0x00000530                __main
 .text._init_alloc
                0x00000584       0x18 c:/nxp/lpcxpresso_3.6.3/tools/bin/../lib/gcc/arm-none-eabi/4.3.3/../../../../arm-none-eabi/lib/thumb2\libcr_c.a(__init_alloc.o)
                0x00000584                _init_alloc
 .text          0x0000059c      0x36c c:/nxp/lpcxpresso_3.6.3/tools/bin/../lib/gcc/arm-none-eabi/4.3.3/../../../../arm-none-eabi/lib/thumb2\libcr_c.a(ctype.o)
                0x0000059c                _start_module_ctype
                0x00000670                islower
                0x00000760                tolower
                0x000006c0                ispunct
                0x000006e8                isspace
                0x000008fc                _end_module_ctype
                0x00000738                isxdigit
                0x00000878                _ctype_init
                0x00000710                isupper
                0x000005d0                isalpha
                0x00000648                isgraph
                0x000005a8                isalnum
                0x00000698                isprint
                0x000007d8                _set_ctype_8859
                0x00000620                isdigit
                0x000005f8                iscntrl
                0x0000079c                toupper
 .text.fp_round
                0x00000908       0x68 c:/nxp/lpcxpresso_3.6.3/tools/bin/../lib/gcc/arm-none-eabi/4.3.3/../../../../arm-none-eabi/lib/thumb2\libcr_c.a(fpprintf.o)
 .text.sprintf  0x00000970       0x70 c:/nxp/lpcxpresso_3.6.3/tools/bin/../lib/gcc/arm-none-eabi/4.3.3/../../../../arm-none-eabi/lib/thumb2\libcr_c.a(fpprintf.o)
                0x00000970                sprintf
 .text.fp_display
                0x000009e0      0xc68 c:/nxp/lpcxpresso_3.6.3/tools/bin/../lib/gcc/arm-none-eabi/4.3.3/../../../../arm-none-eabi/lib/thumb2\libcr_c.a(fpprintf.o)
 .text.printf   0x00001648       0x38 c:/nxp/lpcxpresso_3.6.3/tools/bin/../lib/gcc/arm-none-eabi/4.3.3/../../../../arm-none-eabi/lib/thumb2\libcr_c.a(fpprintf.o)
                0x00001648                printf
 .text._terminateio
                0x00001680       0x44 c:/nxp/lpcxpresso_3.6.3/tools/bin/../lib/gcc/arm-none-eabi/4.3.3/../../../../arm-none-eabi/lib/thumb2\libcr_c.a(initio.o)
                0x00001680                _terminateio
 .text._initio  0x000016c4       0xc0 c:/nxp/lpcxpresso_3.6.3/tools/bin/../lib/gcc/arm-none-eabi/4.3.3/../../../../arm-none-eabi/lib/thumb2\libcr_c.a(initio.o)
                0x000016c4                _initio
 .text.memset   0x00001784       0x50 c:/nxp/lpcxpresso_3.6.3/tools/bin/../lib/gcc/arm-none-eabi/4.3.3/../../../../arm-none-eabi/lib/thumb2\libcr_c.a(memset.o)
                0x00001784                memset
 .text.__vfprintf
                0x000017d4     0x10fc c:/nxp/lpcxpresso_3.6.3/tools/bin/../lib/gcc/arm-none-eabi/4.3.3/../../../../arm-none-eabi/lib/thumb2\libcr_c.a(printf.o)
                0x000017d4                __vfprintf
 .text.cr_rd_int
                0x000028d0      0x220 c:/nxp/lpcxpresso_3.6.3/tools/bin/../lib/gcc/arm-none-eabi/4.3.3/../../../../arm-none-eabi/lib/thumb2\libcr_c.a(scanf.o)
 .text.vfscanf  0x00002af0      0xd08 c:/nxp/lpcxpresso_3.6.3/tools/bin/../lib/gcc/arm-none-eabi/4.3.3/../../../../arm-none-eabi/lib/thumb2\libcr_c.a(scanf.o)
                0x00002af0                vfscanf
 .text.scanf    0x000037f8       0x24 c:/nxp/lpcxpresso_3.6.3/tools/bin/../lib/gcc/arm-none-eabi/4.3.3/../../../../arm-none-eabi/lib/thumb2\libcr_c.a(scanf.o)
                0x000037f8                scanf
 .text.setvbuf  0x0000381c       0x50 c:/nxp/lpcxpresso_3.6.3/tools/bin/../lib/gcc/arm-none-eabi/4.3.3/../../../../arm-none-eabi/lib/thumb2\libcr_c.a(setvbuf.o)
                0x0000381c                setvbuf
 .text._exit_init
                0x0000386c       0x10 c:/nxp/lpcxpresso_3.6.3/tools/bin/../lib/gcc/arm-none-eabi/4.3.3/../../../../arm-none-eabi/lib/thumb2\libcr_c.a(stdlib.o)
                0x0000386c                _exit_init
 .text.exit     0x0000387c       0x38 c:/nxp/lpcxpresso_3.6.3/tools/bin/../lib/gcc/arm-none-eabi/4.3.3/../../../../arm-none-eabi/lib/thumb2\libcr_c.a(stdlib.o)
                0x0000387c                exit
 .text.strcpy   0x000038b4       0x60 c:/nxp/lpcxpresso_3.6.3/tools/bin/../lib/gcc/arm-none-eabi/4.3.3/../../../../arm-none-eabi/lib/thumb2\libcr_c.a(strcpy.o)
                0x000038b4                strcpy
 .text.strlen   0x00003914       0x58 c:/nxp/lpcxpresso_3.6.3/tools/bin/../lib/gcc/arm-none-eabi/4.3.3/../../../../arm-none-eabi/lib/thumb2\libcr_c.a(strlen.o)
                0x00003914                strlen
 .text.ungetc   0x0000396c       0x40 c:/nxp/lpcxpresso_3.6.3/tools/bin/../lib/gcc/arm-none-eabi/4.3.3/../../../../arm-none-eabi/lib/thumb2\libcr_c.a(ungetc.o)
                0x0000396c                ungetc
 .text.__filbuf
                0x000039ac      0x23c c:/nxp/lpcxpresso_3.6.3/tools/bin/../lib/gcc/arm-none-eabi/4.3.3/../../../../arm-none-eabi/lib/thumb2\libcr_c.a(__fillbuf.o)
                0x000039ac                __filbuf
 .text._deferredlazyseek
                0x00003be8       0x44 c:/nxp/lpcxpresso_3.6.3/tools/bin/../lib/gcc/arm-none-eabi/4.3.3/../../../../arm-none-eabi/lib/thumb2\libcr_c.a(_deferredlazyseek.o)
                0x00003be8                _deferredlazyseek
 .text.__flsbuf
                0x00003c2c      0x19c c:/nxp/lpcxpresso_3.6.3/tools/bin/../lib/gcc/arm-none-eabi/4.3.3/../../../../arm-none-eabi/lib/thumb2\libcr_c.a(_deferredlazyseek.o)
                0x00003c2c                __flsbuf
 .text._fdopen  0x00003dc8       0x70 c:/nxp/lpcxpresso_3.6.3/tools/bin/../lib/gcc/arm-none-eabi/4.3.3/../../../../arm-none-eabi/lib/thumb2\libcr_c.a(_fdopen.o)
                0x00003dc8                _fdopen
 .text._fflush  0x00003e38       0x60 c:/nxp/lpcxpresso_3.6.3/tools/bin/../lib/gcc/arm-none-eabi/4.3.3/../../../../arm-none-eabi/lib/thumb2\libcr_c.a(_fflush.o)
                0x00003e38                _fflush
 .text._frexpl  0x00003e98       0x54 c:/nxp/lpcxpresso_3.6.3/tools/bin/../lib/gcc/arm-none-eabi/4.3.3/../../../../arm-none-eabi/lib/thumb2\libcr_c.a(_frexpl.o)
                0x00003e98                _frexpl
 .text._ldexpl  0x00003eec       0x50 c:/nxp/lpcxpresso_3.6.3/tools/bin/../lib/gcc/arm-none-eabi/4.3.3/../../../../arm-none-eabi/lib/thumb2\libcr_c.a(_ldexpl.o)
                0x00003eec                _ldexpl
 .text._Cwritebuf
                0x00003f3c       0xa0 c:/nxp/lpcxpresso_3.6.3/tools/bin/../lib/gcc/arm-none-eabi/4.3.3/../../../../arm-none-eabi/lib/thumb2\libcr_c.a(_writebuf.o)
                0x00003f3c                _Cwritebuf
 .text.free     0x00003fdc        0xc c:/nxp/lpcxpresso_3.6.3/tools/bin/../lib/gcc/arm-none-eabi/4.3.3/../../../../arm-none-eabi/lib/thumb2\libcr_c.a(alloc.o)
                0x00003fdc                free
 .text.malloc   0x00003fe8       0xe8 c:/nxp/lpcxpresso_3.6.3/tools/bin/../lib/gcc/arm-none-eabi/4.3.3/../../../../arm-none-eabi/lib/thumb2\libcr_c.a(alloc.o)
                0x00003fe8                malloc
 .text._Csys_alloc
                0x000040d0       0x30 c:/nxp/lpcxpresso_3.6.3/tools/bin/../lib/gcc/arm-none-eabi/4.3.3/../../../../arm-none-eabi/lib/thumb2\libcr_c.a(alloc.o)
                0x000040d0                _Csys_alloc
 .text.calloc   0x00004100       0x68 c:/nxp/lpcxpresso_3.6.3/tools/bin/../lib/gcc/arm-none-eabi/4.3.3/../../../../arm-none-eabi/lib/thumb2\libcr_c.a(alloc.o)
                0x00004100                calloc
 .text._Csysdie
                0x00004168       0x3c c:/nxp/lpcxpresso_3.6.3/tools/bin/../lib/gcc/arm-none-eabi/4.3.3/../../../../arm-none-eabi/lib/thumb2\libcr_c.a(error.o)
                0x00004168                _Csysdie
 .text.fclose   0x000041a4       0x80 c:/nxp/lpcxpresso_3.6.3/tools/bin/../lib/gcc/arm-none-eabi/4.3.3/../../../../arm-none-eabi/lib/thumb2\libcr_c.a(fclose.o)
                0x000041a4                fclose
 .text.fflush   0x00004224       0x34 c:/nxp/lpcxpresso_3.6.3/tools/bin/../lib/gcc/arm-none-eabi/4.3.3/../../../../arm-none-eabi/lib/thumb2\libcr_c.a(fflush.o)
                0x00004224                fflush
 .text.fseek    0x00004258      0x110 c:/nxp/lpcxpresso_3.6.3/tools/bin/../lib/gcc/arm-none-eabi/4.3.3/../../../../arm-none-eabi/lib/thumb2\libcr_c.a(fseek.o)
                0x00004258                fseek
 .text.ftell    0x00004368       0x54 c:/nxp/lpcxpresso_3.6.3/tools/bin/../lib/gcc/arm-none-eabi/4.3.3/../../../../arm-none-eabi/lib/thumb2\libcr_c.a(ftell.o)
                0x00004368                ftell
 .text.remove   0x000043bc        0xc c:/nxp/lpcxpresso_3.6.3/tools/bin/../lib/gcc/arm-none-eabi/4.3.3/../../../../arm-none-eabi/lib/thumb2\libcr_c.a(remove.o)
                0x000043bc                remove
 .text._do_fflush
                0x000043c8       0x48 c:/nxp/lpcxpresso_3.6.3/tools/bin/../lib/gcc/arm-none-eabi/4.3.3/../../../../arm-none-eabi/lib/thumb2\libcr_c.a(_do_fflush.o)
                0x000043c8                _do_fflush
 .text.__aeabi_dmul
                0x00004410      0x178 c:/nxp/lpcxpresso_3.6.3/tools/bin/../lib/gcc/arm-none-eabi/4.3.3/thumb2\libcr_eabihelpers.a(double.o)
                0x00004410                __aeabi_dmul
 .text.__aeabi_ddiv
                0x00004588      0x20c c:/nxp/lpcxpresso_3.6.3/tools/bin/../lib/gcc/arm-none-eabi/4.3.3/thumb2\libcr_eabihelpers.a(double.o)
                0x00004588                __aeabi_ddiv
 .text.__aeabi_dsub
                0x00004794      0x230 c:/nxp/lpcxpresso_3.6.3/tools/bin/../lib/gcc/arm-none-eabi/4.3.3/thumb2\libcr_eabihelpers.a(double.o)
                0x00004794                __aeabi_dsub
 .text.__aeabi_dadd
                0x000049c4      0x160 c:/nxp/lpcxpresso_3.6.3/tools/bin/../lib/gcc/arm-none-eabi/4.3.3/thumb2\libcr_eabihelpers.a(double.o)
                0x000049c4                __aeabi_dadd
 .text.__aeabi_d2f
                0x00004b24       0x5c c:/nxp/lpcxpresso_3.6.3/tools/bin/../lib/gcc/arm-none-eabi/4.3.3/thumb2\libcr_eabihelpers.a(double.o)
                0x00004b24                __aeabi_d2f
 .text.__aeabi_d2iz
                0x00004b80       0x50 c:/nxp/lpcxpresso_3.6.3/tools/bin/../lib/gcc/arm-none-eabi/4.3.3/thumb2\libcr_eabihelpers.a(double.o)
                0x00004b80                __aeabi_d2iz
 .text.__aeabi_dcmpeq
                0x00004bd0       0x4c c:/nxp/lpcxpresso_3.6.3/tools/bin/../lib/gcc/arm-none-eabi/4.3.3/thumb2\libcr_eabihelpers.a(double.o)
                0x00004bd0                __aeabi_dcmpeq
 .text.__aeabi_dcmplt
                0x00004c1c       0x74 c:/nxp/lpcxpresso_3.6.3/tools/bin/../lib/gcc/arm-none-eabi/4.3.3/thumb2\libcr_eabihelpers.a(double.o)
                0x00004c1c                __aeabi_dcmplt
 .text.__aeabi_dcmple
                0x00004c90       0x7c c:/nxp/lpcxpresso_3.6.3/tools/bin/../lib/gcc/arm-none-eabi/4.3.3/thumb2\libcr_eabihelpers.a(double.o)
                0x00004c90                __aeabi_dcmple
 .text.__aeabi_dcmpge
                0x00004d0c       0x80 c:/nxp/lpcxpresso_3.6.3/tools/bin/../lib/gcc/arm-none-eabi/4.3.3/thumb2\libcr_eabihelpers.a(double.o)
                0x00004d0c                __aeabi_dcmpge
 .text.__aeabi_i2d
                0x00004d8c       0x50 c:/nxp/lpcxpresso_3.6.3/tools/bin/../lib/gcc/arm-none-eabi/4.3.3/thumb2\libcr_eabihelpers.a(double.o)
                0x00004d8c                __aeabi_i2d
 .text.__aeabi_fmul
                0x00004ddc       0xd8 c:/nxp/lpcxpresso_3.6.3/tools/bin/../lib/gcc/arm-none-eabi/4.3.3/thumb2\libcr_eabihelpers.a(float.o)
                0x00004ddc                __aeabi_fmul
 .text.__aeabi_fsub
                0x00004eb4      0x144 c:/nxp/lpcxpresso_3.6.3/tools/bin/../lib/gcc/arm-none-eabi/4.3.3/thumb2\libcr_eabihelpers.a(float.o)
                0x00004eb4                __aeabi_fsub
 .text.__aeabi_fadd
                0x00004ff8       0xd0 c:/nxp/lpcxpresso_3.6.3/tools/bin/../lib/gcc/arm-none-eabi/4.3.3/thumb2\libcr_eabihelpers.a(float.o)
                0x00004ff8                __aeabi_fadd
 .text.__aeabi_f2iz
                0x000050c8       0x44 c:/nxp/lpcxpresso_3.6.3/tools/bin/../lib/gcc/arm-none-eabi/4.3.3/thumb2\libcr_eabihelpers.a(float.o)
                0x000050c8                __aeabi_f2iz
 .text.__aeabi_f2d
                0x0000510c       0x3c c:/nxp/lpcxpresso_3.6.3/tools/bin/../lib/gcc/arm-none-eabi/4.3.3/thumb2\libcr_eabihelpers.a(float.o)
                0x0000510c                __aeabi_f2d
 .text.__aeabi_fcmpeq
                0x00005148       0x20 c:/nxp/lpcxpresso_3.6.3/tools/bin/../lib/gcc/arm-none-eabi/4.3.3/thumb2\libcr_eabihelpers.a(float.o)
                0x00005148                __aeabi_fcmpeq
 .text.__aeabi_i2f
                0x00005168       0x54 c:/nxp/lpcxpresso_3.6.3/tools/bin/../lib/gcc/arm-none-eabi/4.3.3/thumb2\libcr_eabihelpers.a(float.o)
                0x00005168                __aeabi_i2f
 .text          0x000051bc       0x24 c:/nxp/lpcxpresso_3.6.3/tools/bin/../lib/gcc/arm-none-eabi/4.3.3/../../../../arm-none-eabi/lib/thumb2\libcr_semihost.a(_cr_sbrk.o)
                0x000051bc                _sbrk
 .text          0x000051e0      0x13c c:/nxp/lpcxpresso_3.6.3/tools/bin/../lib/gcc/arm-none-eabi/4.3.3/../../../../arm-none-eabi/lib/thumb2\libcr_semihost.a(cr_sys.o)
                0x00005244                _Csys_read_
                0x000052ac                _Csyscall2
                0x000051e0                _Csyscall0
                0x00005204                _Csys_tmpnam_
                0x000051fc                _Csys_open
                0x00005264                _Csyscall3
                0x000052cc                _Csyscall1
 .text          0x0000531c       0x14 c:/nxp/lpcxpresso_3.6.3/tools/bin/../lib/gcc/arm-none-eabi/4.3.3/../../../../arm-none-eabi/lib/thumb2\libcr_semihost.a(cr__close.o)
                0x0000531c                __close
 .text          0x00005330       0x10 c:/nxp/lpcxpresso_3.6.3/tools/bin/../lib/gcc/arm-none-eabi/4.3.3/../../../../arm-none-eabi/lib/thumb2\libcr_semihost.a(cr__exit.o)
                0x00005330                __exit
 .text          0x00005340       0x24 c:/nxp/lpcxpresso_3.6.3/tools/bin/../lib/gcc/arm-none-eabi/4.3.3/../../../../arm-none-eabi/lib/thumb2\libcr_semihost.a(cr__open.o)
                0x00005340                __open
 .text          0x00005364       0x24 c:/nxp/lpcxpresso_3.6.3/tools/bin/../lib/gcc/arm-none-eabi/4.3.3/../../../../arm-none-eabi/lib/thumb2\libcr_semihost.a(cr__read.o)
                0x00005364                __read
 .text          0x00005388       0x10 c:/nxp/lpcxpresso_3.6.3/tools/bin/../lib/gcc/arm-none-eabi/4.3.3/../../../../arm-none-eabi/lib/thumb2\libcr_semihost.a(cr__readc.o)
                0x00005388                __readc
 .text          0x00005398       0x20 c:/nxp/lpcxpresso_3.6.3/tools/bin/../lib/gcc/arm-none-eabi/4.3.3/../../../../arm-none-eabi/lib/thumb2\libcr_semihost.a(cr__unlink.o)
                0x00005398                __unlink
 .text          0x000053b8       0x20 c:/nxp/lpcxpresso_3.6.3/tools/bin/../lib/gcc/arm-none-eabi/4.3.3/../../../../arm-none-eabi/lib/thumb2\libcr_semihost.a(cr__write.o)
                0x000053b8                __write
 *fill*         0x000053d8        0x8 00
 .text          0x000053e0       0x40 c:/nxp/lpcxpresso_3.6.3/tools/bin/../lib/gcc/arm-none-eabi/4.3.3/../../../../arm-none-eabi/lib/thumb2\libcr_semihost.a(cr_stubs.o)
                0x00005404                _stub_istty
                0x000053f8                _stub_clock
                0x000053e0                _stub_read
                0x000053ec                _stub_tmpnam
                0x00005412                _stub_seek
                0x000053fe                _stub_time
 *(.rodata .rodata.*)
 .rodata        0x00005420       0xa4 ./src/main.o
 .rodata.str1.4
                0x000054c4       0x43 c:/nxp/lpcxpresso_3.6.3/tools/bin/../lib/gcc/arm-none-eabi/4.3.3/../../../../arm-none-eabi/lib/thumb2\libcr_c.a(fpprintf.o)
                                 0x48 (size before relaxing)
 *fill*         0x00005507        0x1 00
 .rodata.str1.4
                0x00005508        0x6 c:/nxp/lpcxpresso_3.6.3/tools/bin/../lib/gcc/arm-none-eabi/4.3.3/../../../../arm-none-eabi/lib/thumb2\libcr_c.a(initio.o)
                                  0x8 (size before relaxing)
 *fill*         0x0000550e        0x2 00
 .rodata.str1.4
                0x00005510       0x3a c:/nxp/lpcxpresso_3.6.3/tools/bin/../lib/gcc/arm-none-eabi/4.3.3/../../../../arm-none-eabi/lib/thumb2\libcr_c.a(printf.o)
                                 0x4c (size before relaxing)
 *fill*         0x0000554a        0x2 00
 .rodata.str1.4
                0x0000554c        0x8 c:/nxp/lpcxpresso_3.6.3/tools/bin/../lib/gcc/arm-none-eabi/4.3.3/../../../../arm-none-eabi/lib/thumb2\libcr_c.a(__fillbuf.o)
 *fill*         0x00005554        0x4 00
 .rodata.__huge_vall
                0x00005558        0x8 c:/nxp/lpcxpresso_3.6.3/tools/bin/../lib/gcc/arm-none-eabi/4.3.3/../../../../arm-none-eabi/lib/thumb2\libcr_c.a(_hugeval.o)
                0x00005558                __huge_vall
 .rodata.str1.4
                0x00005560       0x63 c:/nxp/lpcxpresso_3.6.3/tools/bin/../lib/gcc/arm-none-eabi/4.3.3/../../../../arm-none-eabi/lib/thumb2\libcr_c.a(alloc.o)
                                 0x64 (size before relaxing)
 *fill*         0x000055c3        0x1 00
 .rodata.str1.4
                0x000055c4      0x10c c:/nxp/lpcxpresso_3.6.3/tools/bin/../lib/gcc/arm-none-eabi/4.3.3/../../../../arm-none-eabi/lib/thumb2\libcr_c.a(error.o)
                                0x110 (size before relaxing)
 .rodata.str1.1
                0x000056d0        0xc c:/nxp/lpcxpresso_3.6.3/tools/bin/../lib/gcc/arm-none-eabi/4.3.3/../../../../arm-none-eabi/lib/thumb2\libcr_semihost.a(cr_sys.o)
                0x000056dc                . = ALIGN (0x4)

.glue_7         0x000056dc        0x0
 .glue_7        0x00000000        0x0 linker stubs

.glue_7t        0x000056dc        0x0
 .glue_7t       0x00000000        0x0 linker stubs

.vfp11_veneer   0x000056dc        0x0
 .vfp11_veneer  0x00000000        0x0 linker stubs

.v4_bx          0x000056dc        0x0
 .v4_bx         0x00000000        0x0 linker stubs

.ARM.extab
 *(.ARM.extab* .gnu.linkonce.armextab.*)
                0x000056dc                __exidx_start = .

.ARM.exidx
 *(.ARM.exidx* .gnu.linkonce.armexidx.*)
                0x000056dc                __exidx_end = .
                0x000056dc                _etext = .

.data_RAM2      0x2007c000        0x0 load address 0x000056dc
 FILL mask 0xff
 *(.data.$RAM2*)
 *(.data.$RamAHB32*)
                0x2007c000                . = ALIGN (0x4)

.uninit_RESERVED
 *(.bss.$RESERVED*)

.data           0x10000000      0x20c load address 0x000056dc
 FILL mask 0xff
                0x10000000                _data = .
 *(vtable)
 *(.data*)
 .data          0x10000000      0x204 c:/nxp/lpcxpresso_3.6.3/tools/bin/../lib/gcc/arm-none-eabi/4.3.3/../../../../arm-none-eabi/lib/thumb2\libcr_c.a(ctype.o)
                0x10000000                __ctype
 .data.neginf.1957
                0x10000204        0x4 c:/nxp/lpcxpresso_3.6.3/tools/bin/../lib/gcc/arm-none-eabi/4.3.3/../../../../arm-none-eabi/lib/thumb2\libcr_c.a(scanf.o)
 .data.posinf.1956
                0x10000208        0x4 c:/nxp/lpcxpresso_3.6.3/tools/bin/../lib/gcc/arm-none-eabi/4.3.3/../../../../arm-none-eabi/lib/thumb2\libcr_c.a(scanf.o)
                0x1000020c                . = ALIGN (0x4)
                0x1000020c                _edata = .

.bss_RAM2       0x2007c000        0x0
 *(.bss.$RAM2*)
 *(.bss.$RamAHB32*)
                0x2007c000                . = ALIGN (0x4)

.bss            0x1000020c      0x360
                0x1000020c                _bss = .
 *(.bss*)
 .bss           0x1000020c        0x4 ./src/main.o
 .bss.sys_message
                0x10000210       0x3c c:/nxp/lpcxpresso_3.6.3/tools/bin/../lib/gcc/arm-none-eabi/4.3.3/../../../../arm-none-eabi/lib/thumb2\libcr_c.a(alloc.o)
 .bss           0x1000024c        0x4 c:/nxp/lpcxpresso_3.6.3/tools/bin/../lib/gcc/arm-none-eabi/4.3.3/../../../../arm-none-eabi/lib/thumb2\libcr_semihost.a(cr_sys.o)
 *(COMMON)
 COMMON         0x10000250        0x8 c:/nxp/lpcxpresso_3.6.3/tools/bin/../lib/gcc/arm-none-eabi/4.3.3/../../../../arm-none-eabi/lib/thumb2\libcr_semihost.a(_cr__main.o)
                0x10000250                errno
                0x10000254                _error_recursion
 COMMON         0x10000258        0x8 c:/nxp/lpcxpresso_3.6.3/tools/bin/../lib/gcc/arm-none-eabi/4.3.3/../../../../arm-none-eabi/lib/thumb2\libcr_c.a(__init_alloc.o)
                0x10000258                __heaps
                0x1000025c                __end_of_heap
 COMMON         0x10000260        0x4 c:/nxp/lpcxpresso_3.6.3/tools/bin/../lib/gcc/arm-none-eabi/4.3.3/../../../../arm-none-eabi/lib/thumb2\libcr_c.a(initio.o)
                0x10000260                _extra
 COMMON         0x10000264      0x280 c:/nxp/lpcxpresso_3.6.3/tools/bin/../lib/gcc/arm-none-eabi/4.3.3/../../../../arm-none-eabi/lib/thumb2\libcr_c.a(stdio.o)
                0x10000264                __Ciob
 COMMON         0x100004e4       0x88 c:/nxp/lpcxpresso_3.6.3/tools/bin/../lib/gcc/arm-none-eabi/4.3.3/../../../../arm-none-eabi/lib/thumb2\libcr_c.a(stdlib.o)
                0x100004e4                _exitvector
                0x10000568                _number_of_exit_functions
                0x1000056c                . = ALIGN (0x4)
                0x1000056c                _ebss = .
                0x1000056c                PROVIDE (end, .)
                0x1000056c                PROVIDE (_pvHeapStart, .)
                0x10008000                PROVIDE (_vStackTop, (__top_RamLoc32 - 0x0))
OUTPUT(EE2024Assign1S21314.axf elf32-littlearm)

.debug_abbrev   0x00000000      0x203
 .debug_abbrev  0x00000000       0xbd ./src/cr_startup_lpc17.o
 .debug_abbrev  0x000000bd       0x6c ./src/main.o
 .debug_abbrev  0x00000129       0x14 ./src/optimize.o
 .debug_abbrev  0x0000013d       0xc6 C:\Users\eletck.CKThamHPFolio\Documents\lpcxpresso_3.6.3_317\workspace\Lib_CMSISv1p30_LPC17xx\Debug\libCMSISv1p30_LPC17xx.a(system_LPC17xx.o)

.debug_info     0x00000000      0x6d2
 .debug_info    0x00000000      0x1ec ./src/cr_startup_lpc17.o
 .debug_info    0x000001ec      0x116 ./src/main.o
 .debug_info    0x00000302       0x9c ./src/optimize.o
 .debug_info    0x0000039e      0x334 C:\Users\eletck.CKThamHPFolio\Documents\lpcxpresso_3.6.3_317\workspace\Lib_CMSISv1p30_LPC17xx\Debug\libCMSISv1p30_LPC17xx.a(system_LPC17xx.o)

.debug_line     0x00000000      0x91c
 .debug_line    0x00000000      0x374 ./src/cr_startup_lpc17.o
 .debug_line    0x00000374      0x24b ./src/main.o
 .debug_line    0x000005bf       0x41 ./src/optimize.o
 .debug_line    0x00000600      0x31c C:\Users\eletck.CKThamHPFolio\Documents\lpcxpresso_3.6.3_317\workspace\Lib_CMSISv1p30_LPC17xx\Debug\libCMSISv1p30_LPC17xx.a(system_LPC17xx.o)

.debug_macinfo  0x00000000     0xa8c2
 .debug_macinfo
                0x00000000     0x2694 ./src/cr_startup_lpc17.o
 .debug_macinfo
                0x00002694     0x14d2 ./src/main.o
 .debug_macinfo
                0x00003b66     0x6d5c C:\Users\eletck.CKThamHPFolio\Documents\lpcxpresso_3.6.3_317\workspace\Lib_CMSISv1p30_LPC17xx\Debug\libCMSISv1p30_LPC17xx.a(system_LPC17xx.o)

.debug_frame    0x00000000      0x1a0
 .debug_frame   0x00000000      0x120 ./src/cr_startup_lpc17.o
 .debug_frame   0x00000120       0x38 ./src/main.o
 .debug_frame   0x00000158       0x48 C:\Users\eletck.CKThamHPFolio\Documents\lpcxpresso_3.6.3_317\workspace\Lib_CMSISv1p30_LPC17xx\Debug\libCMSISv1p30_LPC17xx.a(system_LPC17xx.o)

.debug_loc      0x00000000      0x274
 .debug_loc     0x00000000      0x1e5 ./src/cr_startup_lpc17.o
 .debug_loc     0x000001e5       0x39 ./src/main.o
 .debug_loc     0x0000021e       0x56 C:\Users\eletck.CKThamHPFolio\Documents\lpcxpresso_3.6.3_317\workspace\Lib_CMSISv1p30_LPC17xx\Debug\libCMSISv1p30_LPC17xx.a(system_LPC17xx.o)

.debug_pubnames
                0x00000000      0x167
 .debug_pubnames
                0x00000000       0xfd ./src/cr_startup_lpc17.o
 .debug_pubnames
                0x000000fd       0x1b ./src/main.o
 .debug_pubnames
                0x00000118       0x4f C:\Users\eletck.CKThamHPFolio\Documents\lpcxpresso_3.6.3_317\workspace\Lib_CMSISv1p30_LPC17xx\Debug\libCMSISv1p30_LPC17xx.a(system_LPC17xx.o)

.debug_aranges  0x00000000       0xd8
 .debug_aranges
                0x00000000       0x70 ./src/cr_startup_lpc17.o
 .debug_aranges
                0x00000070       0x20 ./src/main.o
 .debug_aranges
                0x00000090       0x20 ./src/optimize.o
 .debug_aranges
                0x000000b0       0x28 C:\Users\eletck.CKThamHPFolio\Documents\lpcxpresso_3.6.3_317\workspace\Lib_CMSISv1p30_LPC17xx\Debug\libCMSISv1p30_LPC17xx.a(system_LPC17xx.o)

.debug_ranges   0x00000000       0xa0
 .debug_ranges  0x00000000       0x68 ./src/cr_startup_lpc17.o
 .debug_ranges  0x00000068       0x18 ./src/main.o
 .debug_ranges  0x00000080       0x20 C:\Users\eletck.CKThamHPFolio\Documents\lpcxpresso_3.6.3_317\workspace\Lib_CMSISv1p30_LPC17xx\Debug\libCMSISv1p30_LPC17xx.a(system_LPC17xx.o)

.debug_str      0x00000000      0x3de
 .debug_str     0x00000000      0x1bc ./src/cr_startup_lpc17.o
                                0x1f0 (size before relaxing)
 .debug_str     0x000001bc       0x3d ./src/main.o
                                 0xe7 (size before relaxing)
 .debug_str     0x000001f9      0x1e5 C:\Users\eletck.CKThamHPFolio\Documents\lpcxpresso_3.6.3_317\workspace\Lib_CMSISv1p30_LPC17xx\Debug\libCMSISv1p30_LPC17xx.a(system_LPC17xx.o)
                                0x26a (size before relaxing)

.comment        0x00000000      0x810
 .comment       0x00000000       0x2b ./src/cr_startup_lpc17.o
 .comment       0x0000002b       0x2b ./src/main.o
 .comment       0x00000056       0x2b C:\Users\eletck.CKThamHPFolio\Documents\lpcxpresso_3.6.3_317\workspace\Lib_CMSISv1p30_LPC17xx\Debug\libCMSISv1p30_LPC17xx.a(system_LPC17xx.o)
 .comment       0x00000081       0x2b c:/nxp/lpcxpresso_3.6.3/tools/bin/../lib/gcc/arm-none-eabi/4.3.3/../../../../arm-none-eabi/lib/thumb2\libcr_semihost.a(_cr__main.o)
 .comment       0x000000ac       0x2b c:/nxp/lpcxpresso_3.6.3/tools/bin/../lib/gcc/arm-none-eabi/4.3.3/../../../../arm-none-eabi/lib/thumb2\libcr_c.a(__init_alloc.o)
 .comment       0x000000d7       0x2b c:/nxp/lpcxpresso_3.6.3/tools/bin/../lib/gcc/arm-none-eabi/4.3.3/../../../../arm-none-eabi/lib/thumb2\libcr_c.a(ctype.o)
 .comment       0x00000102       0x2b c:/nxp/lpcxpresso_3.6.3/tools/bin/../lib/gcc/arm-none-eabi/4.3.3/../../../../arm-none-eabi/lib/thumb2\libcr_c.a(fpprintf.o)
 .comment       0x0000012d       0x2b c:/nxp/lpcxpresso_3.6.3/tools/bin/../lib/gcc/arm-none-eabi/4.3.3/../../../../arm-none-eabi/lib/thumb2\libcr_c.a(initio.o)
 .comment       0x00000158       0x2b c:/nxp/lpcxpresso_3.6.3/tools/bin/../lib/gcc/arm-none-eabi/4.3.3/../../../../arm-none-eabi/lib/thumb2\libcr_c.a(memset.o)
 .comment       0x00000183       0x2b c:/nxp/lpcxpresso_3.6.3/tools/bin/../lib/gcc/arm-none-eabi/4.3.3/../../../../arm-none-eabi/lib/thumb2\libcr_c.a(printf.o)
 .comment       0x000001ae       0x2b c:/nxp/lpcxpresso_3.6.3/tools/bin/../lib/gcc/arm-none-eabi/4.3.3/../../../../arm-none-eabi/lib/thumb2\libcr_c.a(scanf.o)
 .comment       0x000001d9       0x2b c:/nxp/lpcxpresso_3.6.3/tools/bin/../lib/gcc/arm-none-eabi/4.3.3/../../../../arm-none-eabi/lib/thumb2\libcr_c.a(setvbuf.o)
 .comment       0x00000204       0x2b c:/nxp/lpcxpresso_3.6.3/tools/bin/../lib/gcc/arm-none-eabi/4.3.3/../../../../arm-none-eabi/lib/thumb2\libcr_c.a(stdio.o)
 .comment       0x0000022f       0x2b c:/nxp/lpcxpresso_3.6.3/tools/bin/../lib/gcc/arm-none-eabi/4.3.3/../../../../arm-none-eabi/lib/thumb2\libcr_c.a(stdlib.o)
 .comment       0x0000025a       0x2b c:/nxp/lpcxpresso_3.6.3/tools/bin/../lib/gcc/arm-none-eabi/4.3.3/../../../../arm-none-eabi/lib/thumb2\libcr_c.a(strcpy.o)
 .comment       0x00000285       0x2b c:/nxp/lpcxpresso_3.6.3/tools/bin/../lib/gcc/arm-none-eabi/4.3.3/../../../../arm-none-eabi/lib/thumb2\libcr_c.a(strlen.o)
 .comment       0x000002b0       0x2b c:/nxp/lpcxpresso_3.6.3/tools/bin/../lib/gcc/arm-none-eabi/4.3.3/../../../../arm-none-eabi/lib/thumb2\libcr_c.a(ungetc.o)
 .comment       0x000002db       0x2b c:/nxp/lpcxpresso_3.6.3/tools/bin/../lib/gcc/arm-none-eabi/4.3.3/../../../../arm-none-eabi/lib/thumb2\libcr_c.a(__fillbuf.o)
 .comment       0x00000306       0x2b c:/nxp/lpcxpresso_3.6.3/tools/bin/../lib/gcc/arm-none-eabi/4.3.3/../../../../arm-none-eabi/lib/thumb2\libcr_c.a(_deferredlazyseek.o)
 .comment       0x00000331       0x2b c:/nxp/lpcxpresso_3.6.3/tools/bin/../lib/gcc/arm-none-eabi/4.3.3/../../../../arm-none-eabi/lib/thumb2\libcr_c.a(_fdopen.o)
 .comment       0x0000035c       0x2b c:/nxp/lpcxpresso_3.6.3/tools/bin/../lib/gcc/arm-none-eabi/4.3.3/../../../../arm-none-eabi/lib/thumb2\libcr_c.a(_fflush.o)
 .comment       0x00000387       0x2b c:/nxp/lpcxpresso_3.6.3/tools/bin/../lib/gcc/arm-none-eabi/4.3.3/../../../../arm-none-eabi/lib/thumb2\libcr_c.a(_frexpl.o)
 .comment       0x000003b2       0x2b c:/nxp/lpcxpresso_3.6.3/tools/bin/../lib/gcc/arm-none-eabi/4.3.3/../../../../arm-none-eabi/lib/thumb2\libcr_c.a(_hugeval.o)
 .comment       0x000003dd       0x2b c:/nxp/lpcxpresso_3.6.3/tools/bin/../lib/gcc/arm-none-eabi/4.3.3/../../../../arm-none-eabi/lib/thumb2\libcr_c.a(_ldexpl.o)
 .comment       0x00000408       0x2b c:/nxp/lpcxpresso_3.6.3/tools/bin/../lib/gcc/arm-none-eabi/4.3.3/../../../../arm-none-eabi/lib/thumb2\libcr_c.a(_writebuf.o)
 .comment       0x00000433       0x2b c:/nxp/lpcxpresso_3.6.3/tools/bin/../lib/gcc/arm-none-eabi/4.3.3/../../../../arm-none-eabi/lib/thumb2\libcr_c.a(alloc.o)
 .comment       0x0000045e       0x2b c:/nxp/lpcxpresso_3.6.3/tools/bin/../lib/gcc/arm-none-eabi/4.3.3/../../../../arm-none-eabi/lib/thumb2\libcr_c.a(error.o)
 .comment       0x00000489       0x2b c:/nxp/lpcxpresso_3.6.3/tools/bin/../lib/gcc/arm-none-eabi/4.3.3/../../../../arm-none-eabi/lib/thumb2\libcr_c.a(fclose.o)
 .comment       0x000004b4       0x2b c:/nxp/lpcxpresso_3.6.3/tools/bin/../lib/gcc/arm-none-eabi/4.3.3/../../../../arm-none-eabi/lib/thumb2\libcr_c.a(fflush.o)
 .comment       0x000004df       0x2b c:/nxp/lpcxpresso_3.6.3/tools/bin/../lib/gcc/arm-none-eabi/4.3.3/../../../../arm-none-eabi/lib/thumb2\libcr_c.a(fputs.o)
 .comment       0x0000050a       0x2b c:/nxp/lpcxpresso_3.6.3/tools/bin/../lib/gcc/arm-none-eabi/4.3.3/../../../../arm-none-eabi/lib/thumb2\libcr_c.a(fseek.o)
 .comment       0x00000535       0x2b c:/nxp/lpcxpresso_3.6.3/tools/bin/../lib/gcc/arm-none-eabi/4.3.3/../../../../arm-none-eabi/lib/thumb2\libcr_c.a(ftell.o)
 .comment       0x00000560       0x2b c:/nxp/lpcxpresso_3.6.3/tools/bin/../lib/gcc/arm-none-eabi/4.3.3/../../../../arm-none-eabi/lib/thumb2\libcr_c.a(memcpy.o)
 .comment       0x0000058b       0x2b c:/nxp/lpcxpresso_3.6.3/tools/bin/../lib/gcc/arm-none-eabi/4.3.3/../../../../arm-none-eabi/lib/thumb2\libcr_c.a(raise.o)
 .comment       0x000005b6       0x2b c:/nxp/lpcxpresso_3.6.3/tools/bin/../lib/gcc/arm-none-eabi/4.3.3/../../../../arm-none-eabi/lib/thumb2\libcr_c.a(remove.o)
 .comment       0x000005e1       0x2b c:/nxp/lpcxpresso_3.6.3/tools/bin/../lib/gcc/arm-none-eabi/4.3.3/../../../../arm-none-eabi/lib/thumb2\libcr_c.a(_do_fflush.o)
 .comment       0x0000060c       0x2b c:/nxp/lpcxpresso_3.6.3/tools/bin/../lib/gcc/arm-none-eabi/4.3.3/thumb2\libcr_eabihelpers.a(double.o)
 .comment       0x00000637       0x2b c:/nxp/lpcxpresso_3.6.3/tools/bin/../lib/gcc/arm-none-eabi/4.3.3/thumb2\libcr_eabihelpers.a(float.o)
 .comment       0x00000662       0x2b c:/nxp/lpcxpresso_3.6.3/tools/bin/../lib/gcc/arm-none-eabi/4.3.3/thumb2\libcr_eabihelpers.a(rtlib.o)
 .comment       0x0000068d       0x2b c:/nxp/lpcxpresso_3.6.3/tools/bin/../lib/gcc/arm-none-eabi/4.3.3/../../../../arm-none-eabi/lib/thumb2\libcr_semihost.a(_cr_sbrk.o)
 .comment       0x000006b8       0x2b c:/nxp/lpcxpresso_3.6.3/tools/bin/../lib/gcc/arm-none-eabi/4.3.3/../../../../arm-none-eabi/lib/thumb2\libcr_semihost.a(cr_sys.o)
 .comment       0x000006e3       0x2b c:/nxp/lpcxpresso_3.6.3/tools/bin/../lib/gcc/arm-none-eabi/4.3.3/../../../../arm-none-eabi/lib/thumb2\libcr_semihost.a(cr__close.o)
 .comment       0x0000070e       0x2b c:/nxp/lpcxpresso_3.6.3/tools/bin/../lib/gcc/arm-none-eabi/4.3.3/../../../../arm-none-eabi/lib/thumb2\libcr_semihost.a(cr__exit.o)
 .comment       0x00000739       0x2b c:/nxp/lpcxpresso_3.6.3/tools/bin/../lib/gcc/arm-none-eabi/4.3.3/../../../../arm-none-eabi/lib/thumb2\libcr_semihost.a(cr__open.o)
 .comment       0x00000764       0x2b c:/nxp/lpcxpresso_3.6.3/tools/bin/../lib/gcc/arm-none-eabi/4.3.3/../../../../arm-none-eabi/lib/thumb2\libcr_semihost.a(cr__read.o)
 .comment       0x0000078f       0x2b c:/nxp/lpcxpresso_3.6.3/tools/bin/../lib/gcc/arm-none-eabi/4.3.3/../../../../arm-none-eabi/lib/thumb2\libcr_semihost.a(cr__readc.o)
 .comment       0x000007ba       0x2b c:/nxp/lpcxpresso_3.6.3/tools/bin/../lib/gcc/arm-none-eabi/4.3.3/../../../../arm-none-eabi/lib/thumb2\libcr_semihost.a(cr__unlink.o)
 .comment       0x000007e5       0x2b c:/nxp/lpcxpresso_3.6.3/tools/bin/../lib/gcc/arm-none-eabi/4.3.3/../../../../arm-none-eabi/lib/thumb2\libcr_semihost.a(cr__write.o)

.ARM.attributes
                0x00000000       0x2f
 .ARM.attributes
                0x00000000       0x31 ./src/cr_startup_lpc17.o
 .ARM.attributes
                0x00000031       0x31 ./src/main.o
 .ARM.attributes
                0x00000062       0x21 ./src/optimize.o
 .ARM.attributes
                0x00000083       0x31 C:\Users\eletck.CKThamHPFolio\Documents\lpcxpresso_3.6.3_317\workspace\Lib_CMSISv1p30_LPC17xx\Debug\libCMSISv1p30_LPC17xx.a(system_LPC17xx.o)
 .ARM.attributes
                0x000000b4       0x31 c:/nxp/lpcxpresso_3.6.3/tools/bin/../lib/gcc/arm-none-eabi/4.3.3/../../../../arm-none-eabi/lib/thumb2\libcr_semihost.a(_cr__main.o)
 .ARM.attributes
                0x000000e5       0x31 c:/nxp/lpcxpresso_3.6.3/tools/bin/../lib/gcc/arm-none-eabi/4.3.3/../../../../arm-none-eabi/lib/thumb2\libcr_c.a(__init_alloc.o)
 .ARM.attributes
                0x00000116       0x31 c:/nxp/lpcxpresso_3.6.3/tools/bin/../lib/gcc/arm-none-eabi/4.3.3/../../../../arm-none-eabi/lib/thumb2\libcr_c.a(ctype.o)
 .ARM.attributes
                0x00000147       0x31 c:/nxp/lpcxpresso_3.6.3/tools/bin/../lib/gcc/arm-none-eabi/4.3.3/../../../../arm-none-eabi/lib/thumb2\libcr_c.a(fpprintf.o)
 .ARM.attributes
                0x00000178       0x31 c:/nxp/lpcxpresso_3.6.3/tools/bin/../lib/gcc/arm-none-eabi/4.3.3/../../../../arm-none-eabi/lib/thumb2\libcr_c.a(initio.o)
 .ARM.attributes
                0x000001a9       0x31 c:/nxp/lpcxpresso_3.6.3/tools/bin/../lib/gcc/arm-none-eabi/4.3.3/../../../../arm-none-eabi/lib/thumb2\libcr_c.a(memset.o)
 .ARM.attributes
                0x000001da       0x31 c:/nxp/lpcxpresso_3.6.3/tools/bin/../lib/gcc/arm-none-eabi/4.3.3/../../../../arm-none-eabi/lib/thumb2\libcr_c.a(printf.o)
 .ARM.attributes
                0x0000020b       0x31 c:/nxp/lpcxpresso_3.6.3/tools/bin/../lib/gcc/arm-none-eabi/4.3.3/../../../../arm-none-eabi/lib/thumb2\libcr_c.a(scanf.o)
 .ARM.attributes
                0x0000023c       0x31 c:/nxp/lpcxpresso_3.6.3/tools/bin/../lib/gcc/arm-none-eabi/4.3.3/../../../../arm-none-eabi/lib/thumb2\libcr_c.a(setvbuf.o)
 .ARM.attributes
                0x0000026d       0x31 c:/nxp/lpcxpresso_3.6.3/tools/bin/../lib/gcc/arm-none-eabi/4.3.3/../../../../arm-none-eabi/lib/thumb2\libcr_c.a(stdio.o)
 .ARM.attributes
                0x0000029e       0x31 c:/nxp/lpcxpresso_3.6.3/tools/bin/../lib/gcc/arm-none-eabi/4.3.3/../../../../arm-none-eabi/lib/thumb2\libcr_c.a(stdlib.o)
 .ARM.attributes
                0x000002cf       0x31 c:/nxp/lpcxpresso_3.6.3/tools/bin/../lib/gcc/arm-none-eabi/4.3.3/../../../../arm-none-eabi/lib/thumb2\libcr_c.a(strcpy.o)
 .ARM.attributes
                0x00000300       0x31 c:/nxp/lpcxpresso_3.6.3/tools/bin/../lib/gcc/arm-none-eabi/4.3.3/../../../../arm-none-eabi/lib/thumb2\libcr_c.a(strlen.o)
 .ARM.attributes
                0x00000331       0x31 c:/nxp/lpcxpresso_3.6.3/tools/bin/../lib/gcc/arm-none-eabi/4.3.3/../../../../arm-none-eabi/lib/thumb2\libcr_c.a(ungetc.o)
 .ARM.attributes
                0x00000362       0x31 c:/nxp/lpcxpresso_3.6.3/tools/bin/../lib/gcc/arm-none-eabi/4.3.3/../../../../arm-none-eabi/lib/thumb2\libcr_c.a(__fillbuf.o)
 .ARM.attributes
                0x00000393       0x31 c:/nxp/lpcxpresso_3.6.3/tools/bin/../lib/gcc/arm-none-eabi/4.3.3/../../../../arm-none-eabi/lib/thumb2\libcr_c.a(_deferredlazyseek.o)
 .ARM.attributes
                0x000003c4       0x31 c:/nxp/lpcxpresso_3.6.3/tools/bin/../lib/gcc/arm-none-eabi/4.3.3/../../../../arm-none-eabi/lib/thumb2\libcr_c.a(_fdopen.o)
 .ARM.attributes
                0x000003f5       0x31 c:/nxp/lpcxpresso_3.6.3/tools/bin/../lib/gcc/arm-none-eabi/4.3.3/../../../../arm-none-eabi/lib/thumb2\libcr_c.a(_fflush.o)
 .ARM.attributes
                0x00000426       0x31 c:/nxp/lpcxpresso_3.6.3/tools/bin/../lib/gcc/arm-none-eabi/4.3.3/../../../../arm-none-eabi/lib/thumb2\libcr_c.a(_frexpl.o)
 .ARM.attributes
                0x00000457       0x31 c:/nxp/lpcxpresso_3.6.3/tools/bin/../lib/gcc/arm-none-eabi/4.3.3/../../../../arm-none-eabi/lib/thumb2\libcr_c.a(_hugeval.o)
 .ARM.attributes
                0x00000488       0x31 c:/nxp/lpcxpresso_3.6.3/tools/bin/../lib/gcc/arm-none-eabi/4.3.3/../../../../arm-none-eabi/lib/thumb2\libcr_c.a(_ldexpl.o)
 .ARM.attributes
                0x000004b9       0x31 c:/nxp/lpcxpresso_3.6.3/tools/bin/../lib/gcc/arm-none-eabi/4.3.3/../../../../arm-none-eabi/lib/thumb2\libcr_c.a(_writebuf.o)
 .ARM.attributes
                0x000004ea       0x31 c:/nxp/lpcxpresso_3.6.3/tools/bin/../lib/gcc/arm-none-eabi/4.3.3/../../../../arm-none-eabi/lib/thumb2\libcr_c.a(alloc.o)
 .ARM.attributes
                0x0000051b       0x31 c:/nxp/lpcxpresso_3.6.3/tools/bin/../lib/gcc/arm-none-eabi/4.3.3/../../../../arm-none-eabi/lib/thumb2\libcr_c.a(error.o)
 .ARM.attributes
                0x0000054c       0x31 c:/nxp/lpcxpresso_3.6.3/tools/bin/../lib/gcc/arm-none-eabi/4.3.3/../../../../arm-none-eabi/lib/thumb2\libcr_c.a(fclose.o)
 .ARM.attributes
                0x0000057d       0x31 c:/nxp/lpcxpresso_3.6.3/tools/bin/../lib/gcc/arm-none-eabi/4.3.3/../../../../arm-none-eabi/lib/thumb2\libcr_c.a(fflush.o)
 .ARM.attributes
                0x000005ae       0x31 c:/nxp/lpcxpresso_3.6.3/tools/bin/../lib/gcc/arm-none-eabi/4.3.3/../../../../arm-none-eabi/lib/thumb2\libcr_c.a(fputs.o)
 .ARM.attributes
                0x000005df       0x31 c:/nxp/lpcxpresso_3.6.3/tools/bin/../lib/gcc/arm-none-eabi/4.3.3/../../../../arm-none-eabi/lib/thumb2\libcr_c.a(fseek.o)
 .ARM.attributes
                0x00000610       0x31 c:/nxp/lpcxpresso_3.6.3/tools/bin/../lib/gcc/arm-none-eabi/4.3.3/../../../../arm-none-eabi/lib/thumb2\libcr_c.a(ftell.o)
 .ARM.attributes
                0x00000641       0x31 c:/nxp/lpcxpresso_3.6.3/tools/bin/../lib/gcc/arm-none-eabi/4.3.3/../../../../arm-none-eabi/lib/thumb2\libcr_c.a(memcpy.o)
 .ARM.attributes
                0x00000672       0x31 c:/nxp/lpcxpresso_3.6.3/tools/bin/../lib/gcc/arm-none-eabi/4.3.3/../../../../arm-none-eabi/lib/thumb2\libcr_c.a(raise.o)
 .ARM.attributes
                0x000006a3       0x31 c:/nxp/lpcxpresso_3.6.3/tools/bin/../lib/gcc/arm-none-eabi/4.3.3/../../../../arm-none-eabi/lib/thumb2\libcr_c.a(remove.o)
 .ARM.attributes
                0x000006d4       0x31 c:/nxp/lpcxpresso_3.6.3/tools/bin/../lib/gcc/arm-none-eabi/4.3.3/../../../../arm-none-eabi/lib/thumb2\libcr_c.a(_do_fflush.o)
 .ARM.attributes
                0x00000705       0x31 c:/nxp/lpcxpresso_3.6.3/tools/bin/../lib/gcc/arm-none-eabi/4.3.3/thumb2\libcr_eabihelpers.a(double.o)
 .ARM.attributes
                0x00000736       0x31 c:/nxp/lpcxpresso_3.6.3/tools/bin/../lib/gcc/arm-none-eabi/4.3.3/thumb2\libcr_eabihelpers.a(float.o)
 .ARM.attributes
                0x00000767       0x21 c:/nxp/lpcxpresso_3.6.3/tools/bin/../lib/gcc/arm-none-eabi/4.3.3/thumb2\libcr_eabihelpers.a(helpers.o)
 .ARM.attributes
                0x00000788       0x31 c:/nxp/lpcxpresso_3.6.3/tools/bin/../lib/gcc/arm-none-eabi/4.3.3/thumb2\libcr_eabihelpers.a(rtlib.o)
 .ARM.attributes
                0x000007b9       0x31 c:/nxp/lpcxpresso_3.6.3/tools/bin/../lib/gcc/arm-none-eabi/4.3.3/../../../../arm-none-eabi/lib/thumb2\libcr_semihost.a(_cr_sbrk.o)
 .ARM.attributes
                0x000007ea       0x31 c:/nxp/lpcxpresso_3.6.3/tools/bin/../lib/gcc/arm-none-eabi/4.3.3/../../../../arm-none-eabi/lib/thumb2\libcr_semihost.a(cr_sys.o)
 .ARM.attributes
                0x0000081b       0x31 c:/nxp/lpcxpresso_3.6.3/tools/bin/../lib/gcc/arm-none-eabi/4.3.3/../../../../arm-none-eabi/lib/thumb2\libcr_semihost.a(cr__close.o)
 .ARM.attributes
                0x0000084c       0x31 c:/nxp/lpcxpresso_3.6.3/tools/bin/../lib/gcc/arm-none-eabi/4.3.3/../../../../arm-none-eabi/lib/thumb2\libcr_semihost.a(cr__exit.o)
 .ARM.attributes
                0x0000087d       0x31 c:/nxp/lpcxpresso_3.6.3/tools/bin/../lib/gcc/arm-none-eabi/4.3.3/../../../../arm-none-eabi/lib/thumb2\libcr_semihost.a(cr__open.o)
 .ARM.attributes
                0x000008ae       0x31 c:/nxp/lpcxpresso_3.6.3/tools/bin/../lib/gcc/arm-none-eabi/4.3.3/../../../../arm-none-eabi/lib/thumb2\libcr_semihost.a(cr__read.o)
 .ARM.attributes
                0x000008df       0x31 c:/nxp/lpcxpresso_3.6.3/tools/bin/../lib/gcc/arm-none-eabi/4.3.3/../../../../arm-none-eabi/lib/thumb2\libcr_semihost.a(cr__readc.o)
 .ARM.attributes
                0x00000910       0x31 c:/nxp/lpcxpresso_3.6.3/tools/bin/../lib/gcc/arm-none-eabi/4.3.3/../../../../arm-none-eabi/lib/thumb2\libcr_semihost.a(cr__unlink.o)
 .ARM.attributes
                0x00000941       0x31 c:/nxp/lpcxpresso_3.6.3/tools/bin/../lib/gcc/arm-none-eabi/4.3.3/../../../../arm-none-eabi/lib/thumb2\libcr_semihost.a(cr__write.o)
 .ARM.attributes
                0x00000972       0x21 c:/nxp/lpcxpresso_3.6.3/tools/bin/../lib/gcc/arm-none-eabi/4.3.3/../../../../arm-none-eabi/lib/thumb2\libcr_semihost.a(cr_stubs.o)
